Sep  3 00:05:44 jenkins NetworkManager[671]: <info>  [1630641944.1649] dhcp4 (enp0s8):   lease time 600
Sep  3 00:05:44 jenkins NetworkManager[671]: <info>  [1630641944.1650] dhcp4 (enp0s8): state changed bound -> bound
Sep  3 00:05:44 jenkins dbus[658]: [system] Activating via systemd: service name='org.freedesktop.nm_dispatcher' unit='dbus-org.freedesktop.nm-dispatcher.service'
Sep  3 00:05:44 jenkins systemd: Starting Network Manager Script Dispatcher Service...
Sep  3 00:05:44 jenkins dhclient[724]: bound to 192.168.56.104 -- renewal in 265 seconds.
Sep  3 00:05:44 jenkins dbus[658]: [system] Successfully activated service 'org.freedesktop.nm_dispatcher'
Sep  3 00:05:44 jenkins nm-dispatcher: req:1 'dhcp4-change' [enp0s8]: new request (3 scripts)
Sep  3 00:05:44 jenkins systemd: Started Network Manager Script Dispatcher Service.
Sep  3 00:05:44 jenkins nm-dispatcher: req:1 'dhcp4-change' [enp0s8]: start running ordered scripts...
Sep  3 00:08:58 jenkins dhclient[723]: DHCPREQUEST on enp0s3 to 10.0.2.3 port 67 (xid=0x3d142438)
Sep  3 00:08:58 jenkins dhclient[723]: DHCPACK from 10.0.2.3 (xid=0x3d142438)
Sep  3 00:08:58 jenkins NetworkManager[671]: <info>  [1630642138.1098] dhcp4 (enp0s3):   address 10.0.2.6
Sep  3 00:08:58 jenkins NetworkManager[671]: <info>  [1630642138.1101] dhcp4 (enp0s3):   plen 24 (255.255.255.0)
Sep  3 00:08:58 jenkins NetworkManager[671]: <info>  [1630642138.1111] dhcp4 (enp0s3):   gateway 10.0.2.1
Sep  3 00:08:58 jenkins NetworkManager[671]: <info>  [1630642138.1112] dhcp4 (enp0s3):   lease time 600
Sep  3 00:08:58 jenkins NetworkManager[671]: <info>  [1630642138.1112] dhcp4 (enp0s3):   nameserver '183.82.243.66'
Sep  3 00:08:58 jenkins NetworkManager[671]: <info>  [1630642138.1112] dhcp4 (enp0s3):   nameserver '49.205.72.130'
Sep  3 00:08:58 jenkins NetworkManager[671]: <info>  [1630642138.1113] dhcp4 (enp0s3): state changed bound -> bound
Sep  3 00:08:58 jenkins dbus[658]: [system] Activating via systemd: service name='org.freedesktop.nm_dispatcher' unit='dbus-org.freedesktop.nm-dispatcher.service'
Sep  3 00:08:58 jenkins systemd: Starting Network Manager Script Dispatcher Service...
Sep  3 00:08:58 jenkins dhclient[723]: bound to 10.0.2.6 -- renewal in 292 seconds.
Sep  3 00:08:58 jenkins dbus[658]: [system] Successfully activated service 'org.freedesktop.nm_dispatcher'
Sep  3 00:08:58 jenkins nm-dispatcher: req:1 'dhcp4-change' [enp0s3]: new request (3 scripts)
Sep  3 00:08:58 jenkins systemd: Started Network Manager Script Dispatcher Service.
Sep  3 00:08:58 jenkins nm-dispatcher: req:1 'dhcp4-change' [enp0s3]: start running ordered scripts...
Sep  3 00:10:09 jenkins dhclient[724]: DHCPREQUEST on enp0s8 to 192.168.56.100 port 67 (xid=0x2e1a7e27)
Sep  3 00:10:09 jenkins dhclient[724]: DHCPACK from 192.168.56.100 (xid=0x2e1a7e27)
Sep  3 00:10:09 jenkins NetworkManager[671]: <info>  [1630642209.9976] dhcp4 (enp0s8):   address 192.168.56.104
Sep  3 00:10:10 jenkins NetworkManager[671]: <info>  [1630642209.9977] dhcp4 (enp0s8):   plen 24 (255.255.255.0)
Sep  3 00:10:10 jenkins NetworkManager[671]: <info>  [1630642209.9977] dhcp4 (enp0s8):   lease time 600
Sep  3 00:10:10 jenkins NetworkManager[671]: <info>  [1630642209.9977] dhcp4 (enp0s8): state changed bound -> bound
Sep  3 00:10:10 jenkins systemd: Starting Network Manager Script Dispatcher Service...
Sep  3 00:10:10 jenkins dbus[658]: [system] Activating via systemd: service name='org.freedesktop.nm_dispatcher' unit='dbus-org.freedesktop.nm-dispatcher.service'
Sep  3 00:10:10 jenkins dhclient[724]: bound to 192.168.56.104 -- renewal in 272 seconds.
Sep  3 00:10:10 jenkins dbus[658]: [system] Successfully activated service 'org.freedesktop.nm_dispatcher'
Sep  3 00:10:10 jenkins nm-dispatcher: req:1 'dhcp4-change' [enp0s8]: new request (3 scripts)
Sep  3 00:10:10 jenkins systemd: Started Network Manager Script Dispatcher Service.
Sep  3 00:10:10 jenkins nm-dispatcher: req:1 'dhcp4-change' [enp0s8]: start running ordered scripts...
Sep  3 00:11:17 jenkins systemd: Starting Cleanup of Temporary Directories...
Sep  3 00:11:17 jenkins systemd: Started Cleanup of Temporary Directories.
Sep  3 00:13:50 jenkins dhclient[723]: DHCPREQUEST on enp0s3 to 10.0.2.3 port 67 (xid=0x3d142438)
Sep  3 00:13:50 jenkins dhclient[723]: DHCPACK from 10.0.2.3 (xid=0x3d142438)
Sep  3 00:13:50 jenkins NetworkManager[671]: <info>  [1630642430.6843] dhcp4 (enp0s3):   address 10.0.2.6
Sep  3 00:13:50 jenkins NetworkManager[671]: <info>  [1630642430.6844] dhcp4 (enp0s3):   plen 24 (255.255.255.0)
Sep  3 00:13:50 jenkins NetworkManager[671]: <info>  [1630642430.6844] dhcp4 (enp0s3):   gateway 10.0.2.1
Sep  3 00:13:50 jenkins NetworkManager[671]: <info>  [1630642430.6845] dhcp4 (enp0s3):   lease time 600
Sep  3 00:13:50 jenkins NetworkManager[671]: <info>  [1630642430.6845] dhcp4 (enp0s3):   nameserver '183.82.243.66'
Sep  3 00:13:50 jenkins NetworkManager[671]: <info>  [1630642430.6845] dhcp4 (enp0s3):   nameserver '49.205.72.130'
Sep  3 00:13:50 jenkins NetworkManager[671]: <info>  [1630642430.6846] dhcp4 (enp0s3): state changed bound -> bound
Sep  3 00:13:50 jenkins dbus[658]: [system] Activating via systemd: service name='org.freedesktop.nm_dispatcher' unit='dbus-org.freedesktop.nm-dispatcher.service'
Sep  3 00:13:50 jenkins systemd: Starting Network Manager Script Dispatcher Service...
Sep  3 00:13:50 jenkins dhclient[723]: bound to 10.0.2.6 -- renewal in 235 seconds.
Sep  3 00:13:50 jenkins dbus[658]: [system] Successfully activated service 'org.freedesktop.nm_dispatcher'
Sep  3 00:13:50 jenkins nm-dispatcher: req:1 'dhcp4-change' [enp0s3]: new request (3 scripts)
Sep  3 00:13:50 jenkins systemd: Started Network Manager Script Dispatcher Service.
Sep  3 00:13:50 jenkins nm-dispatcher: req:1 'dhcp4-change' [enp0s3]: start running ordered scripts...
Sep  3 00:14:42 jenkins dhclient[724]: DHCPREQUEST on enp0s8 to 192.168.56.100 port 67 (xid=0x2e1a7e27)
Sep  3 00:14:42 jenkins dhclient[724]: DHCPACK from 192.168.56.100 (xid=0x2e1a7e27)
Sep  3 00:14:42 jenkins NetworkManager[671]: <info>  [1630642482.5054] dhcp4 (enp0s8):   address 192.168.56.104
Sep  3 00:14:42 jenkins NetworkManager[671]: <info>  [1630642482.5055] dhcp4 (enp0s8):   plen 24 (255.255.255.0)
Sep  3 00:14:42 jenkins NetworkManager[671]: <info>  [1630642482.5055] dhcp4 (enp0s8):   lease time 600
Sep  3 00:14:42 jenkins NetworkManager[671]: <info>  [1630642482.5056] dhcp4 (enp0s8): state changed bound -> bound
Sep  3 00:14:42 jenkins dbus[658]: [system] Activating via systemd: service name='org.freedesktop.nm_dispatcher' unit='dbus-org.freedesktop.nm-dispatcher.service'
Sep  3 00:14:42 jenkins systemd: Starting Network Manager Script Dispatcher Service...
Sep  3 00:14:42 jenkins dhclient[724]: bound to 192.168.56.104 -- renewal in 251 seconds.
Sep  3 00:14:42 jenkins dbus[658]: [system] Successfully activated service 'org.freedesktop.nm_dispatcher'
Sep  3 00:14:42 jenkins nm-dispatcher: req:1 'dhcp4-change' [enp0s8]: new request (3 scripts)
Sep  3 00:14:42 jenkins systemd: Started Network Manager Script Dispatcher Service.
Sep  3 00:14:42 jenkins nm-dispatcher: req:1 'dhcp4-change' [enp0s8]: start running ordered scripts...
Sep  3 00:17:08 jenkins systemd: Started Session 5 of user root.
Sep  3 00:17:08 jenkins systemd-logind: New session 5 of user root.
Sep  3 00:17:45 jenkins dhclient[723]: DHCPREQUEST on enp0s3 to 10.0.2.3 port 67 (xid=0x3d142438)
Sep  3 00:17:45 jenkins dhclient[723]: DHCPACK from 10.0.2.3 (xid=0x3d142438)
Sep  3 00:17:45 jenkins NetworkManager[671]: <info>  [1630642665.8470] dhcp4 (enp0s3):   address 10.0.2.6
Sep  3 00:17:45 jenkins NetworkManager[671]: <info>  [1630642665.8476] dhcp4 (enp0s3):   plen 24 (255.255.255.0)
Sep  3 00:17:45 jenkins NetworkManager[671]: <info>  [1630642665.8476] dhcp4 (enp0s3):   gateway 10.0.2.1
Sep  3 00:17:45 jenkins NetworkManager[671]: <info>  [1630642665.8477] dhcp4 (enp0s3):   lease time 600
Sep  3 00:17:45 jenkins NetworkManager[671]: <info>  [1630642665.8477] dhcp4 (enp0s3):   nameserver '183.82.243.66'
Sep  3 00:17:45 jenkins NetworkManager[671]: <info>  [1630642665.8477] dhcp4 (enp0s3):   nameserver '49.205.72.130'
Sep  3 00:17:45 jenkins NetworkManager[671]: <info>  [1630642665.8477] dhcp4 (enp0s3): state changed bound -> bound
Sep  3 00:17:45 jenkins dbus[658]: [system] Activating via systemd: service name='org.freedesktop.nm_dispatcher' unit='dbus-org.freedesktop.nm-dispatcher.service'
Sep  3 00:17:45 jenkins systemd: Starting Network Manager Script Dispatcher Service...
Sep  3 00:17:45 jenkins dhclient[723]: bound to 10.0.2.6 -- renewal in 267 seconds.
Sep  3 00:17:45 jenkins dbus[658]: [system] Successfully activated service 'org.freedesktop.nm_dispatcher'
Sep  3 00:17:45 jenkins nm-dispatcher: req:1 'dhcp4-change' [enp0s3]: new request (3 scripts)
Sep  3 00:17:45 jenkins systemd: Started Network Manager Script Dispatcher Service.
Sep  3 00:17:45 jenkins nm-dispatcher: req:1 'dhcp4-change' [enp0s3]: start running ordered scripts...
Sep  3 00:18:53 jenkins dhclient[724]: DHCPREQUEST on enp0s8 to 192.168.56.100 port 67 (xid=0x2e1a7e27)
Sep  3 00:18:53 jenkins dhclient[724]: DHCPACK from 192.168.56.100 (xid=0x2e1a7e27)
Sep  3 00:18:53 jenkins NetworkManager[671]: <info>  [1630642733.9451] dhcp4 (enp0s8):   address 192.168.56.104
Sep  3 00:18:53 jenkins NetworkManager[671]: <info>  [1630642733.9455] dhcp4 (enp0s8):   plen 24 (255.255.255.0)
Sep  3 00:18:53 jenkins NetworkManager[671]: <info>  [1630642733.9456] dhcp4 (enp0s8):   lease time 600
Sep  3 00:18:53 jenkins NetworkManager[671]: <info>  [1630642733.9456] dhcp4 (enp0s8): state changed bound -> bound
Sep  3 00:18:53 jenkins dbus[658]: [system] Activating via systemd: service name='org.freedesktop.nm_dispatcher' unit='dbus-org.freedesktop.nm-dispatcher.service'
Sep  3 00:18:53 jenkins systemd: Starting Network Manager Script Dispatcher Service...
Sep  3 00:18:53 jenkins dhclient[724]: bound to 192.168.56.104 -- renewal in 288 seconds.
Sep  3 00:18:53 jenkins dbus[658]: [system] Successfully activated service 'org.freedesktop.nm_dispatcher'
Sep  3 00:18:53 jenkins nm-dispatcher: req:1 'dhcp4-change' [enp0s8]: new request (3 scripts)
Sep  3 00:18:53 jenkins systemd: Started Network Manager Script Dispatcher Service.
Sep  3 00:18:53 jenkins nm-dispatcher: req:1 'dhcp4-change' [enp0s8]: start running ordered scripts...
Sep  3 00:22:12 jenkins dhclient[723]: DHCPREQUEST on enp0s3 to 10.0.2.3 port 67 (xid=0x3d142438)
Sep  3 00:22:12 jenkins dhclient[723]: DHCPACK from 10.0.2.3 (xid=0x3d142438)
Sep  3 00:22:13 jenkins NetworkManager[671]: <info>  [1630642933.0032] dhcp4 (enp0s3):   address 10.0.2.6
Sep  3 00:22:13 jenkins NetworkManager[671]: <info>  [1630642933.0032] dhcp4 (enp0s3):   plen 24 (255.255.255.0)
Sep  3 00:22:13 jenkins NetworkManager[671]: <info>  [1630642933.0032] dhcp4 (enp0s3):   gateway 10.0.2.1
Sep  3 00:22:13 jenkins NetworkManager[671]: <info>  [1630642933.0033] dhcp4 (enp0s3):   lease time 600
Sep  3 00:22:13 jenkins NetworkManager[671]: <info>  [1630642933.0033] dhcp4 (enp0s3):   nameserver '183.82.243.66'
Sep  3 00:22:13 jenkins NetworkManager[671]: <info>  [1630642933.0033] dhcp4 (enp0s3):   nameserver '49.205.72.130'
Sep  3 00:22:13 jenkins NetworkManager[671]: <info>  [1630642933.0034] dhcp4 (enp0s3): state changed bound -> bound
Sep  3 00:22:13 jenkins dbus[658]: [system] Activating via systemd: service name='org.freedesktop.nm_dispatcher' unit='dbus-org.freedesktop.nm-dispatcher.service'
Sep  3 00:22:13 jenkins systemd: Starting Network Manager Script Dispatcher Service...
Sep  3 00:22:13 jenkins dhclient[723]: bound to 10.0.2.6 -- renewal in 285 seconds.
Sep  3 00:22:13 jenkins dbus[658]: [system] Successfully activated service 'org.freedesktop.nm_dispatcher'
Sep  3 00:22:13 jenkins nm-dispatcher: req:1 'dhcp4-change' [enp0s3]: new request (3 scripts)
Sep  3 00:22:13 jenkins systemd: Started Network Manager Script Dispatcher Service.
Sep  3 00:22:13 jenkins nm-dispatcher: req:1 'dhcp4-change' [enp0s3]: start running ordered scripts...
Sep  3 00:23:41 jenkins dhclient[724]: DHCPREQUEST on enp0s8 to 192.168.56.100 port 67 (xid=0x2e1a7e27)
Sep  3 00:23:41 jenkins dhclient[724]: DHCPACK from 192.168.56.100 (xid=0x2e1a7e27)
Sep  3 00:23:41 jenkins NetworkManager[671]: <info>  [1630643021.8888] dhcp4 (enp0s8):   address 192.168.56.104
Sep  3 00:23:41 jenkins NetworkManager[671]: <info>  [1630643021.8889] dhcp4 (enp0s8):   plen 24 (255.255.255.0)
Sep  3 00:23:41 jenkins NetworkManager[671]: <info>  [1630643021.8889] dhcp4 (enp0s8):   lease time 600
Sep  3 00:23:41 jenkins NetworkManager[671]: <info>  [1630643021.8889] dhcp4 (enp0s8): state changed bound -> bound
Sep  3 00:23:41 jenkins dbus[658]: [system] Activating via systemd: service name='org.freedesktop.nm_dispatcher' unit='dbus-org.freedesktop.nm-dispatcher.service'
Sep  3 00:23:41 jenkins systemd: Starting Network Manager Script Dispatcher Service...
Sep  3 00:23:41 jenkins dhclient[724]: bound to 192.168.56.104 -- renewal in 282 seconds.
Sep  3 00:23:41 jenkins dbus[658]: [system] Successfully activated service 'org.freedesktop.nm_dispatcher'
Sep  3 00:23:41 jenkins nm-dispatcher: req:1 'dhcp4-change' [enp0s8]: new request (3 scripts)
Sep  3 00:23:41 jenkins systemd: Started Network Manager Script Dispatcher Service.
Sep  3 00:23:41 jenkins nm-dispatcher: req:1 'dhcp4-change' [enp0s8]: start running ordered scripts...
Sep  3 00:26:58 jenkins dhclient[723]: DHCPREQUEST on enp0s3 to 10.0.2.3 port 67 (xid=0x3d142438)
Sep  3 00:26:58 jenkins dhclient[723]: DHCPACK from 10.0.2.3 (xid=0x3d142438)
Sep  3 00:26:58 jenkins NetworkManager[671]: <info>  [1630643218.9278] dhcp4 (enp0s3):   address 10.0.2.6
Sep  3 00:26:58 jenkins NetworkManager[671]: <info>  [1630643218.9279] dhcp4 (enp0s3):   plen 24 (255.255.255.0)
Sep  3 00:26:58 jenkins NetworkManager[671]: <info>  [1630643218.9279] dhcp4 (enp0s3):   gateway 10.0.2.1
Sep  3 00:26:58 jenkins NetworkManager[671]: <info>  [1630643218.9279] dhcp4 (enp0s3):   lease time 600
Sep  3 00:26:58 jenkins NetworkManager[671]: <info>  [1630643218.9280] dhcp4 (enp0s3):   nameserver '183.82.243.66'
Sep  3 00:26:58 jenkins NetworkManager[671]: <info>  [1630643218.9280] dhcp4 (enp0s3):   nameserver '49.205.72.130'
Sep  3 00:26:58 jenkins NetworkManager[671]: <info>  [1630643218.9280] dhcp4 (enp0s3): state changed bound -> bound
Sep  3 00:26:58 jenkins dbus[658]: [system] Activating via systemd: service name='org.freedesktop.nm_dispatcher' unit='dbus-org.freedesktop.nm-dispatcher.service'
Sep  3 00:26:58 jenkins systemd: Starting Network Manager Script Dispatcher Service...
Sep  3 00:26:58 jenkins dhclient[723]: bound to 10.0.2.6 -- renewal in 277 seconds.
Sep  3 00:26:58 jenkins dbus[658]: [system] Successfully activated service 'org.freedesktop.nm_dispatcher'
Sep  3 00:26:58 jenkins nm-dispatcher: req:1 'dhcp4-change' [enp0s3]: new request (3 scripts)
Sep  3 00:26:58 jenkins systemd: Started Network Manager Script Dispatcher Service.
Sep  3 00:26:58 jenkins nm-dispatcher: req:1 'dhcp4-change' [enp0s3]: start running ordered scripts...
Sep  3 00:28:23 jenkins dhclient[724]: DHCPREQUEST on enp0s8 to 192.168.56.100 port 67 (xid=0x2e1a7e27)
Sep  3 00:28:23 jenkins dhclient[724]: DHCPACK from 192.168.56.100 (xid=0x2e1a7e27)
Sep  3 00:28:23 jenkins NetworkManager[671]: <info>  [1630643303.1957] dhcp4 (enp0s8):   address 192.168.56.104
Sep  3 00:28:23 jenkins NetworkManager[671]: <info>  [1630643303.1957] dhcp4 (enp0s8):   plen 24 (255.255.255.0)
Sep  3 00:28:23 jenkins NetworkManager[671]: <info>  [1630643303.1957] dhcp4 (enp0s8):   lease time 600
Sep  3 00:28:23 jenkins NetworkManager[671]: <info>  [1630643303.1957] dhcp4 (enp0s8): state changed bound -> bound
Sep  3 00:28:23 jenkins dbus[658]: [system] Activating via systemd: service name='org.freedesktop.nm_dispatcher' unit='dbus-org.freedesktop.nm-dispatcher.service'
Sep  3 00:28:23 jenkins systemd: Starting Network Manager Script Dispatcher Service...
Sep  3 00:28:23 jenkins dhclient[724]: bound to 192.168.56.104 -- renewal in 300 seconds.
Sep  3 00:28:23 jenkins dbus[658]: [system] Successfully activated service 'org.freedesktop.nm_dispatcher'
Sep  3 00:28:23 jenkins nm-dispatcher: req:1 'dhcp4-change' [enp0s8]: new request (3 scripts)
Sep  3 00:28:23 jenkins systemd: Started Network Manager Script Dispatcher Service.
Sep  3 00:28:23 jenkins nm-dispatcher: req:1 'dhcp4-change' [enp0s8]: start running ordered scripts...
Sep  3 00:31:35 jenkins dhclient[723]: DHCPREQUEST on enp0s3 to 10.0.2.3 port 67 (xid=0x3d142438)
Sep  3 00:31:35 jenkins dhclient[723]: DHCPACK from 10.0.2.3 (xid=0x3d142438)
Sep  3 00:31:35 jenkins NetworkManager[671]: <info>  [1630643495.6461] dhcp4 (enp0s3):   address 10.0.2.6
Sep  3 00:31:35 jenkins NetworkManager[671]: <info>  [1630643495.6466] dhcp4 (enp0s3):   plen 24 (255.255.255.0)
Sep  3 00:31:35 jenkins NetworkManager[671]: <info>  [1630643495.6467] dhcp4 (enp0s3):   gateway 10.0.2.1
Sep  3 00:31:35 jenkins NetworkManager[671]: <info>  [1630643495.6467] dhcp4 (enp0s3):   lease time 600
Sep  3 00:31:35 jenkins NetworkManager[671]: <info>  [1630643495.6468] dhcp4 (enp0s3):   nameserver '183.82.243.66'
Sep  3 00:31:35 jenkins NetworkManager[671]: <info>  [1630643495.6468] dhcp4 (enp0s3):   nameserver '49.205.72.130'
Sep  3 00:31:35 jenkins NetworkManager[671]: <info>  [1630643495.6468] dhcp4 (enp0s3): state changed bound -> bound
Sep  3 00:31:35 jenkins dbus[658]: [system] Activating via systemd: service name='org.freedesktop.nm_dispatcher' unit='dbus-org.freedesktop.nm-dispatcher.service'
Sep  3 00:31:35 jenkins systemd: Starting Network Manager Script Dispatcher Service...
Sep  3 00:31:35 jenkins dhclient[723]: bound to 10.0.2.6 -- renewal in 274 seconds.
Sep  3 00:31:35 jenkins dbus[658]: [system] Successfully activated service 'org.freedesktop.nm_dispatcher'
Sep  3 00:31:35 jenkins nm-dispatcher: req:1 'dhcp4-change' [enp0s3]: new request (3 scripts)
Sep  3 00:31:35 jenkins systemd: Started Network Manager Script Dispatcher Service.
Sep  3 00:31:35 jenkins nm-dispatcher: req:1 'dhcp4-change' [enp0s3]: start running ordered scripts...
Sep  3 00:33:23 jenkins dhclient[724]: DHCPREQUEST on enp0s8 to 192.168.56.100 port 67 (xid=0x2e1a7e27)
Sep  3 00:33:23 jenkins dhclient[724]: DHCPACK from 192.168.56.100 (xid=0x2e1a7e27)
Sep  3 00:33:23 jenkins NetworkManager[671]: <info>  [1630643603.6560] dhcp4 (enp0s8):   address 192.168.56.104
Sep  3 00:33:23 jenkins NetworkManager[671]: <info>  [1630643603.6564] dhcp4 (enp0s8):   plen 24 (255.255.255.0)
Sep  3 00:33:23 jenkins NetworkManager[671]: <info>  [1630643603.6565] dhcp4 (enp0s8):   lease time 600
Sep  3 00:33:23 jenkins NetworkManager[671]: <info>  [1630643603.6565] dhcp4 (enp0s8): state changed bound -> bound
Sep  3 00:33:23 jenkins dbus[658]: [system] Activating via systemd: service name='org.freedesktop.nm_dispatcher' unit='dbus-org.freedesktop.nm-dispatcher.service'
Sep  3 00:33:23 jenkins systemd: Starting Network Manager Script Dispatcher Service...
Sep  3 00:33:23 jenkins dhclient[724]: bound to 192.168.56.104 -- renewal in 269 seconds.
Sep  3 00:33:23 jenkins dbus[658]: [system] Successfully activated service 'org.freedesktop.nm_dispatcher'
Sep  3 00:33:23 jenkins nm-dispatcher: req:1 'dhcp4-change' [enp0s8]: new request (3 scripts)
Sep  3 00:33:23 jenkins systemd: Started Network Manager Script Dispatcher Service.
Sep  3 00:33:23 jenkins nm-dispatcher: req:1 'dhcp4-change' [enp0s8]: start running ordered scripts...
Sep  3 00:36:09 jenkins dhclient[723]: DHCPREQUEST on enp0s3 to 10.0.2.3 port 67 (xid=0x3d142438)
Sep  3 00:36:09 jenkins dhclient[723]: DHCPACK from 10.0.2.3 (xid=0x3d142438)
Sep  3 00:36:09 jenkins NetworkManager[671]: <info>  [1630643769.8354] dhcp4 (enp0s3):   address 10.0.2.6
Sep  3 00:36:09 jenkins NetworkManager[671]: <info>  [1630643769.8354] dhcp4 (enp0s3):   plen 24 (255.255.255.0)
Sep  3 00:36:09 jenkins NetworkManager[671]: <info>  [1630643769.8354] dhcp4 (enp0s3):   gateway 10.0.2.1
Sep  3 00:36:09 jenkins NetworkManager[671]: <info>  [1630643769.8355] dhcp4 (enp0s3):   lease time 600
Sep  3 00:36:09 jenkins NetworkManager[671]: <info>  [1630643769.8355] dhcp4 (enp0s3):   nameserver '183.82.243.66'
Sep  3 00:36:09 jenkins NetworkManager[671]: <info>  [1630643769.8355] dhcp4 (enp0s3):   nameserver '49.205.72.130'
Sep  3 00:36:09 jenkins NetworkManager[671]: <info>  [1630643769.8356] dhcp4 (enp0s3): state changed bound -> bound
Sep  3 00:36:09 jenkins dbus[658]: [system] Activating via systemd: service name='org.freedesktop.nm_dispatcher' unit='dbus-org.freedesktop.nm-dispatcher.service'
Sep  3 00:36:09 jenkins systemd: Starting Network Manager Script Dispatcher Service...
Sep  3 00:36:09 jenkins dhclient[723]: bound to 10.0.2.6 -- renewal in 240 seconds.
Sep  3 00:36:09 jenkins dbus[658]: [system] Successfully activated service 'org.freedesktop.nm_dispatcher'
Sep  3 00:36:09 jenkins nm-dispatcher: req:1 'dhcp4-change' [enp0s3]: new request (3 scripts)
Sep  3 00:36:09 jenkins systemd: Started Network Manager Script Dispatcher Service.
Sep  3 00:36:09 jenkins nm-dispatcher: req:1 'dhcp4-change' [enp0s3]: start running ordered scripts...
Sep  3 00:37:52 jenkins dhclient[724]: DHCPREQUEST on enp0s8 to 192.168.56.100 port 67 (xid=0x2e1a7e27)
Sep  3 00:37:52 jenkins dhclient[724]: DHCPACK from 192.168.56.100 (xid=0x2e1a7e27)
Sep  3 00:37:52 jenkins NetworkManager[671]: <info>  [1630643872.4834] dhcp4 (enp0s8):   address 192.168.56.104
Sep  3 00:37:52 jenkins NetworkManager[671]: <info>  [1630643872.4835] dhcp4 (enp0s8):   plen 24 (255.255.255.0)
Sep  3 00:37:52 jenkins NetworkManager[671]: <info>  [1630643872.4835] dhcp4 (enp0s8):   lease time 600
Sep  3 00:37:52 jenkins NetworkManager[671]: <info>  [1630643872.4835] dhcp4 (enp0s8): state changed bound -> bound
Sep  3 00:37:52 jenkins dbus[658]: [system] Activating via systemd: service name='org.freedesktop.nm_dispatcher' unit='dbus-org.freedesktop.nm-dispatcher.service'
Sep  3 00:37:52 jenkins systemd: Starting Network Manager Script Dispatcher Service...
Sep  3 00:37:52 jenkins dhclient[724]: bound to 192.168.56.104 -- renewal in 230 seconds.
Sep  3 00:37:52 jenkins dbus[658]: [system] Successfully activated service 'org.freedesktop.nm_dispatcher'
Sep  3 00:37:52 jenkins nm-dispatcher: req:1 'dhcp4-change' [enp0s8]: new request (3 scripts)
Sep  3 00:37:52 jenkins systemd: Started Network Manager Script Dispatcher Service.
Sep  3 00:37:52 jenkins nm-dispatcher: req:1 'dhcp4-change' [enp0s8]: start running ordered scripts...
Sep  3 00:40:09 jenkins dhclient[723]: DHCPREQUEST on enp0s3 to 10.0.2.3 port 67 (xid=0x3d142438)
Sep  3 00:40:09 jenkins dhclient[723]: DHCPACK from 10.0.2.3 (xid=0x3d142438)
Sep  3 00:40:09 jenkins NetworkManager[671]: <info>  [1630644009.6771] dhcp4 (enp0s3):   address 10.0.2.6
Sep  3 00:40:09 jenkins NetworkManager[671]: <info>  [1630644009.6772] dhcp4 (enp0s3):   plen 24 (255.255.255.0)
Sep  3 00:40:09 jenkins NetworkManager[671]: <info>  [1630644009.6772] dhcp4 (enp0s3):   gateway 10.0.2.1
Sep  3 00:40:09 jenkins NetworkManager[671]: <info>  [1630644009.6772] dhcp4 (enp0s3):   lease time 600
Sep  3 00:40:09 jenkins NetworkManager[671]: <info>  [1630644009.6773] dhcp4 (enp0s3):   nameserver '183.82.243.66'
Sep  3 00:40:09 jenkins NetworkManager[671]: <info>  [1630644009.6773] dhcp4 (enp0s3):   nameserver '49.205.72.130'
Sep  3 00:40:09 jenkins NetworkManager[671]: <info>  [1630644009.6773] dhcp4 (enp0s3): state changed bound -> bound
Sep  3 00:40:09 jenkins dbus[658]: [system] Activating via systemd: service name='org.freedesktop.nm_dispatcher' unit='dbus-org.freedesktop.nm-dispatcher.service'
Sep  3 00:40:09 jenkins systemd: Starting Network Manager Script Dispatcher Service...
Sep  3 00:40:09 jenkins dhclient[723]: bound to 10.0.2.6 -- renewal in 274 seconds.
Sep  3 00:40:09 jenkins dbus[658]: [system] Successfully activated service 'org.freedesktop.nm_dispatcher'
Sep  3 00:40:09 jenkins nm-dispatcher: req:1 'dhcp4-change' [enp0s3]: new request (3 scripts)
Sep  3 00:40:09 jenkins systemd: Started Network Manager Script Dispatcher Service.
Sep  3 00:40:09 jenkins nm-dispatcher: req:1 'dhcp4-change' [enp0s3]: start running ordered scripts...
Sep  3 00:41:42 jenkins dhclient[724]: DHCPREQUEST on enp0s8 to 192.168.56.100 port 67 (xid=0x2e1a7e27)
Sep  3 00:41:42 jenkins dhclient[724]: DHCPACK from 192.168.56.100 (xid=0x2e1a7e27)
Sep  3 00:41:42 jenkins NetworkManager[671]: <info>  [1630644102.2239] dhcp4 (enp0s8):   address 192.168.56.104
Sep  3 00:41:42 jenkins NetworkManager[671]: <info>  [1630644102.2240] dhcp4 (enp0s8):   plen 24 (255.255.255.0)
Sep  3 00:41:42 jenkins NetworkManager[671]: <info>  [1630644102.2240] dhcp4 (enp0s8):   lease time 600
Sep  3 00:41:42 jenkins NetworkManager[671]: <info>  [1630644102.2241] dhcp4 (enp0s8): state changed bound -> bound
Sep  3 00:41:42 jenkins dbus[658]: [system] Activating via systemd: service name='org.freedesktop.nm_dispatcher' unit='dbus-org.freedesktop.nm-dispatcher.service'
Sep  3 00:41:42 jenkins systemd: Starting Network Manager Script Dispatcher Service...
Sep  3 00:41:42 jenkins dhclient[724]: bound to 192.168.56.104 -- renewal in 257 seconds.
Sep  3 00:41:42 jenkins dbus[658]: [system] Successfully activated service 'org.freedesktop.nm_dispatcher'
Sep  3 00:41:42 jenkins nm-dispatcher: req:1 'dhcp4-change' [enp0s8]: new request (3 scripts)
Sep  3 00:41:42 jenkins systemd: Started Network Manager Script Dispatcher Service.
Sep  3 00:41:42 jenkins nm-dispatcher: req:1 'dhcp4-change' [enp0s8]: start running ordered scripts...
Sep  3 00:44:43 jenkins dhclient[723]: DHCPREQUEST on enp0s3 to 10.0.2.3 port 67 (xid=0x3d142438)
Sep  3 00:44:43 jenkins dhclient[723]: DHCPACK from 10.0.2.3 (xid=0x3d142438)
Sep  3 00:44:43 jenkins NetworkManager[671]: <info>  [1630644283.3466] dhcp4 (enp0s3):   address 10.0.2.6
Sep  3 00:44:43 jenkins NetworkManager[671]: <info>  [1630644283.3467] dhcp4 (enp0s3):   plen 24 (255.255.255.0)
Sep  3 00:44:43 jenkins NetworkManager[671]: <info>  [1630644283.3467] dhcp4 (enp0s3):   gateway 10.0.2.1
Sep  3 00:44:43 jenkins NetworkManager[671]: <info>  [1630644283.3467] dhcp4 (enp0s3):   lease time 600
Sep  3 00:44:43 jenkins NetworkManager[671]: <info>  [1630644283.3468] dhcp4 (enp0s3):   nameserver '183.82.243.66'
Sep  3 00:44:43 jenkins NetworkManager[671]: <info>  [1630644283.3468] dhcp4 (enp0s3):   nameserver '49.205.72.130'
Sep  3 00:44:43 jenkins NetworkManager[671]: <info>  [1630644283.3515] dhcp4 (enp0s3): state changed bound -> bound
Sep  3 00:44:43 jenkins dbus[658]: [system] Activating via systemd: service name='org.freedesktop.nm_dispatcher' unit='dbus-org.freedesktop.nm-dispatcher.service'
Sep  3 00:44:43 jenkins systemd: Starting Network Manager Script Dispatcher Service...
Sep  3 00:44:43 jenkins dhclient[723]: bound to 10.0.2.6 -- renewal in 294 seconds.
Sep  3 00:44:43 jenkins dbus[658]: [system] Successfully activated service 'org.freedesktop.nm_dispatcher'
Sep  3 00:44:43 jenkins nm-dispatcher: req:1 'dhcp4-change' [enp0s3]: new request (3 scripts)
Sep  3 00:44:43 jenkins systemd: Started Network Manager Script Dispatcher Service.
Sep  3 00:44:43 jenkins nm-dispatcher: req:1 'dhcp4-change' [enp0s3]: start running ordered scripts...
Sep  3 00:45:59 jenkins dhclient[724]: DHCPREQUEST on enp0s8 to 192.168.56.100 port 67 (xid=0x2e1a7e27)
Sep  3 00:45:59 jenkins dhclient[724]: DHCPACK from 192.168.56.100 (xid=0x2e1a7e27)
Sep  3 00:45:59 jenkins NetworkManager[671]: <info>  [1630644359.1615] dhcp4 (enp0s8):   address 192.168.56.104
Sep  3 00:45:59 jenkins NetworkManager[671]: <info>  [1630644359.1615] dhcp4 (enp0s8):   plen 24 (255.255.255.0)
Sep  3 00:45:59 jenkins NetworkManager[671]: <info>  [1630644359.1615] dhcp4 (enp0s8):   lease time 600
Sep  3 00:45:59 jenkins NetworkManager[671]: <info>  [1630644359.1616] dhcp4 (enp0s8): state changed bound -> bound
Sep  3 00:45:59 jenkins dbus[658]: [system] Activating via systemd: service name='org.freedesktop.nm_dispatcher' unit='dbus-org.freedesktop.nm-dispatcher.service'
Sep  3 00:45:59 jenkins systemd: Starting Network Manager Script Dispatcher Service...
Sep  3 00:45:59 jenkins dhclient[724]: bound to 192.168.56.104 -- renewal in 259 seconds.
Sep  3 00:45:59 jenkins dbus[658]: [system] Successfully activated service 'org.freedesktop.nm_dispatcher'
Sep  3 00:45:59 jenkins nm-dispatcher: req:1 'dhcp4-change' [enp0s8]: new request (3 scripts)
Sep  3 00:45:59 jenkins systemd: Started Network Manager Script Dispatcher Service.
Sep  3 00:45:59 jenkins nm-dispatcher: req:1 'dhcp4-change' [enp0s8]: start running ordered scripts...
Sep  3 00:49:37 jenkins dhclient[723]: DHCPREQUEST on enp0s3 to 10.0.2.3 port 67 (xid=0x3d142438)
Sep  3 00:49:37 jenkins dhclient[723]: DHCPACK from 10.0.2.3 (xid=0x3d142438)
Sep  3 00:49:37 jenkins NetworkManager[671]: <info>  [1630644577.4365] dhcp4 (enp0s3):   address 10.0.2.6
Sep  3 00:49:37 jenkins NetworkManager[671]: <info>  [1630644577.4366] dhcp4 (enp0s3):   plen 24 (255.255.255.0)
Sep  3 00:49:37 jenkins NetworkManager[671]: <info>  [1630644577.4366] dhcp4 (enp0s3):   gateway 10.0.2.1
Sep  3 00:49:37 jenkins NetworkManager[671]: <info>  [1630644577.4366] dhcp4 (enp0s3):   lease time 600
Sep  3 00:49:37 jenkins NetworkManager[671]: <info>  [1630644577.4367] dhcp4 (enp0s3):   nameserver '183.82.243.66'
Sep  3 00:49:37 jenkins NetworkManager[671]: <info>  [1630644577.4367] dhcp4 (enp0s3):   nameserver '49.205.72.130'
Sep  3 00:49:37 jenkins NetworkManager[671]: <info>  [1630644577.4367] dhcp4 (enp0s3): state changed bound -> bound
Sep  3 00:49:37 jenkins dbus[658]: [system] Activating via systemd: service name='org.freedesktop.nm_dispatcher' unit='dbus-org.freedesktop.nm-dispatcher.service'
Sep  3 00:49:37 jenkins systemd: Starting Network Manager Script Dispatcher Service...
Sep  3 00:49:37 jenkins dhclient[723]: bound to 10.0.2.6 -- renewal in 238 seconds.
Sep  3 00:49:37 jenkins dbus[658]: [system] Successfully activated service 'org.freedesktop.nm_dispatcher'
Sep  3 00:49:37 jenkins nm-dispatcher: req:1 'dhcp4-change' [enp0s3]: new request (3 scripts)
Sep  3 00:49:37 jenkins systemd: Started Network Manager Script Dispatcher Service.
Sep  3 00:49:37 jenkins nm-dispatcher: req:1 'dhcp4-change' [enp0s3]: start running ordered scripts...
Sep  3 00:50:18 jenkins dhclient[724]: DHCPREQUEST on enp0s8 to 192.168.56.100 port 67 (xid=0x2e1a7e27)
Sep  3 00:50:18 jenkins dhclient[724]: DHCPACK from 192.168.56.100 (xid=0x2e1a7e27)
Sep  3 00:50:18 jenkins NetworkManager[671]: <info>  [1630644618.2118] dhcp4 (enp0s8):   address 192.168.56.104
Sep  3 00:50:18 jenkins NetworkManager[671]: <info>  [1630644618.2119] dhcp4 (enp0s8):   plen 24 (255.255.255.0)
Sep  3 00:50:18 jenkins NetworkManager[671]: <info>  [1630644618.2119] dhcp4 (enp0s8):   lease time 600
Sep  3 00:50:18 jenkins NetworkManager[671]: <info>  [1630644618.2120] dhcp4 (enp0s8): state changed bound -> bound
Sep  3 00:50:18 jenkins dbus[658]: [system] Activating via systemd: service name='org.freedesktop.nm_dispatcher' unit='dbus-org.freedesktop.nm-dispatcher.service'
Sep  3 00:50:18 jenkins systemd: Starting Network Manager Script Dispatcher Service...
Sep  3 00:50:18 jenkins dhclient[724]: bound to 192.168.56.104 -- renewal in 269 seconds.
Sep  3 00:50:18 jenkins dbus[658]: [system] Successfully activated service 'org.freedesktop.nm_dispatcher'
Sep  3 00:50:18 jenkins nm-dispatcher: req:1 'dhcp4-change' [enp0s8]: new request (3 scripts)
Sep  3 00:50:18 jenkins systemd: Started Network Manager Script Dispatcher Service.
Sep  3 00:50:18 jenkins nm-dispatcher: req:1 'dhcp4-change' [enp0s8]: start running ordered scripts...
Sep  3 00:53:35 jenkins dhclient[723]: DHCPREQUEST on enp0s3 to 10.0.2.3 port 67 (xid=0x3d142438)
Sep  3 00:53:35 jenkins dhclient[723]: DHCPACK from 10.0.2.3 (xid=0x3d142438)
Sep  3 00:53:35 jenkins NetworkManager[671]: <info>  [1630644815.5804] dhcp4 (enp0s3):   address 10.0.2.6
Sep  3 00:53:35 jenkins NetworkManager[671]: <info>  [1630644815.5804] dhcp4 (enp0s3):   plen 24 (255.255.255.0)
Sep  3 00:53:35 jenkins NetworkManager[671]: <info>  [1630644815.5804] dhcp4 (enp0s3):   gateway 10.0.2.1
Sep  3 00:53:35 jenkins NetworkManager[671]: <info>  [1630644815.5805] dhcp4 (enp0s3):   lease time 600
Sep  3 00:53:35 jenkins NetworkManager[671]: <info>  [1630644815.5805] dhcp4 (enp0s3):   nameserver '183.82.243.66'
Sep  3 00:53:35 jenkins NetworkManager[671]: <info>  [1630644815.5805] dhcp4 (enp0s3):   nameserver '49.205.72.130'
Sep  3 00:53:35 jenkins NetworkManager[671]: <info>  [1630644815.5806] dhcp4 (enp0s3): state changed bound -> bound
Sep  3 00:53:35 jenkins dbus[658]: [system] Activating via systemd: service name='org.freedesktop.nm_dispatcher' unit='dbus-org.freedesktop.nm-dispatcher.service'
Sep  3 00:53:35 jenkins systemd: Starting Network Manager Script Dispatcher Service...
Sep  3 00:53:35 jenkins dhclient[723]: bound to 10.0.2.6 -- renewal in 290 seconds.
Sep  3 00:53:35 jenkins dbus[658]: [system] Successfully activated service 'org.freedesktop.nm_dispatcher'
Sep  3 00:53:35 jenkins nm-dispatcher: req:1 'dhcp4-change' [enp0s3]: new request (3 scripts)
Sep  3 00:53:35 jenkins systemd: Started Network Manager Script Dispatcher Service.
Sep  3 00:53:35 jenkins nm-dispatcher: req:1 'dhcp4-change' [enp0s3]: start running ordered scripts...
Sep  3 00:54:47 jenkins dhclient[724]: DHCPREQUEST on enp0s8 to 192.168.56.100 port 67 (xid=0x2e1a7e27)
Sep  3 00:54:47 jenkins dhclient[724]: DHCPACK from 192.168.56.100 (xid=0x2e1a7e27)
Sep  3 00:54:47 jenkins NetworkManager[671]: <info>  [1630644887.8759] dhcp4 (enp0s8):   address 192.168.56.104
Sep  3 00:54:47 jenkins NetworkManager[671]: <info>  [1630644887.8759] dhcp4 (enp0s8):   plen 24 (255.255.255.0)
Sep  3 00:54:47 jenkins NetworkManager[671]: <info>  [1630644887.8759] dhcp4 (enp0s8):   lease time 600
Sep  3 00:54:47 jenkins NetworkManager[671]: <info>  [1630644887.8760] dhcp4 (enp0s8): state changed bound -> bound
Sep  3 00:54:47 jenkins dbus[658]: [system] Activating via systemd: service name='org.freedesktop.nm_dispatcher' unit='dbus-org.freedesktop.nm-dispatcher.service'
Sep  3 00:54:47 jenkins systemd: Starting Network Manager Script Dispatcher Service...
Sep  3 00:54:47 jenkins dhclient[724]: bound to 192.168.56.104 -- renewal in 273 seconds.
Sep  3 00:54:47 jenkins dbus[658]: [system] Successfully activated service 'org.freedesktop.nm_dispatcher'
Sep  3 00:54:47 jenkins nm-dispatcher: req:1 'dhcp4-change' [enp0s8]: new request (3 scripts)
Sep  3 00:54:47 jenkins systemd: Started Network Manager Script Dispatcher Service.
Sep  3 00:54:47 jenkins nm-dispatcher: req:1 'dhcp4-change' [enp0s8]: start running ordered scripts...
Sep  3 00:58:25 jenkins dhclient[723]: DHCPREQUEST on enp0s3 to 10.0.2.3 port 67 (xid=0x3d142438)
Sep  3 00:58:25 jenkins dhclient[723]: DHCPACK from 10.0.2.3 (xid=0x3d142438)
Sep  3 00:58:25 jenkins NetworkManager[671]: <info>  [1630645105.4043] dhcp4 (enp0s3):   address 10.0.2.6
Sep  3 00:58:25 jenkins NetworkManager[671]: <info>  [1630645105.4044] dhcp4 (enp0s3):   plen 24 (255.255.255.0)
Sep  3 00:58:25 jenkins NetworkManager[671]: <info>  [1630645105.4044] dhcp4 (enp0s3):   gateway 10.0.2.1
Sep  3 00:58:25 jenkins NetworkManager[671]: <info>  [1630645105.4045] dhcp4 (enp0s3):   lease time 600
Sep  3 00:58:25 jenkins NetworkManager[671]: <info>  [1630645105.4047] dhcp4 (enp0s3):   nameserver '183.82.243.66'
Sep  3 00:58:25 jenkins NetworkManager[671]: <info>  [1630645105.4048] dhcp4 (enp0s3):   nameserver '49.205.72.130'
Sep  3 00:58:25 jenkins NetworkManager[671]: <info>  [1630645105.4048] dhcp4 (enp0s3): state changed bound -> bound
Sep  3 00:58:25 jenkins dbus[658]: [system] Activating via systemd: service name='org.freedesktop.nm_dispatcher' unit='dbus-org.freedesktop.nm-dispatcher.service'
Sep  3 00:58:25 jenkins systemd: Starting Network Manager Script Dispatcher Service...
Sep  3 00:58:25 jenkins dhclient[723]: bound to 10.0.2.6 -- renewal in 295 seconds.
Sep  3 00:58:25 jenkins dbus[658]: [system] Successfully activated service 'org.freedesktop.nm_dispatcher'
Sep  3 00:58:25 jenkins nm-dispatcher: req:1 'dhcp4-change' [enp0s3]: new request (3 scripts)
Sep  3 00:58:25 jenkins systemd: Started Network Manager Script Dispatcher Service.
Sep  3 00:58:25 jenkins nm-dispatcher: req:1 'dhcp4-change' [enp0s3]: start running ordered scripts...
Sep  3 00:59:20 jenkins dhclient[724]: DHCPREQUEST on enp0s8 to 192.168.56.100 port 67 (xid=0x2e1a7e27)
Sep  3 00:59:21 jenkins dhclient[724]: DHCPACK from 192.168.56.100 (xid=0x2e1a7e27)
Sep  3 00:59:21 jenkins NetworkManager[671]: <info>  [1630645161.0326] dhcp4 (enp0s8):   address 192.168.56.104
Sep  3 00:59:21 jenkins NetworkManager[671]: <info>  [1630645161.0327] dhcp4 (enp0s8):   plen 24 (255.255.255.0)
Sep  3 00:59:21 jenkins NetworkManager[671]: <info>  [1630645161.0327] dhcp4 (enp0s8):   lease time 600
Sep  3 00:59:21 jenkins NetworkManager[671]: <info>  [1630645161.0327] dhcp4 (enp0s8): state changed bound -> bound
Sep  3 00:59:21 jenkins dbus[658]: [system] Activating via systemd: service name='org.freedesktop.nm_dispatcher' unit='dbus-org.freedesktop.nm-dispatcher.service'
Sep  3 00:59:21 jenkins systemd: Starting Network Manager Script Dispatcher Service...
Sep  3 00:59:21 jenkins dhclient[724]: bound to 192.168.56.104 -- renewal in 254 seconds.
Sep  3 00:59:21 jenkins dbus[658]: [system] Successfully activated service 'org.freedesktop.nm_dispatcher'
Sep  3 00:59:21 jenkins nm-dispatcher: req:1 'dhcp4-change' [enp0s8]: new request (3 scripts)
Sep  3 00:59:21 jenkins systemd: Started Network Manager Script Dispatcher Service.
Sep  3 00:59:21 jenkins nm-dispatcher: req:1 'dhcp4-change' [enp0s8]: start running ordered scripts...
Sep  3 01:01:01 jenkins systemd: Started Session 6 of user root.
Sep  3 01:03:20 jenkins dhclient[723]: DHCPREQUEST on enp0s3 to 10.0.2.3 port 67 (xid=0x3d142438)
Sep  3 01:03:20 jenkins dhclient[723]: DHCPACK from 10.0.2.3 (xid=0x3d142438)
Sep  3 01:03:20 jenkins NetworkManager[671]: <info>  [1630645400.5066] dhcp4 (enp0s3):   address 10.0.2.6
Sep  3 01:03:20 jenkins NetworkManager[671]: <info>  [1630645400.5067] dhcp4 (enp0s3):   plen 24 (255.255.255.0)
Sep  3 01:03:20 jenkins NetworkManager[671]: <info>  [1630645400.5067] dhcp4 (enp0s3):   gateway 10.0.2.1
Sep  3 01:03:20 jenkins NetworkManager[671]: <info>  [1630645400.5067] dhcp4 (enp0s3):   lease time 600
Sep  3 01:03:20 jenkins NetworkManager[671]: <info>  [1630645400.5068] dhcp4 (enp0s3):   nameserver '183.82.243.66'
Sep  3 01:03:20 jenkins NetworkManager[671]: <info>  [1630645400.5068] dhcp4 (enp0s3):   nameserver '49.205.72.130'
Sep  3 01:03:20 jenkins NetworkManager[671]: <info>  [1630645400.5068] dhcp4 (enp0s3): state changed bound -> bound
Sep  3 01:03:20 jenkins dbus[658]: [system] Activating via systemd: service name='org.freedesktop.nm_dispatcher' unit='dbus-org.freedesktop.nm-dispatcher.service'
Sep  3 01:03:20 jenkins systemd: Starting Network Manager Script Dispatcher Service...
Sep  3 01:03:20 jenkins dhclient[723]: bound to 10.0.2.6 -- renewal in 242 seconds.
Sep  3 01:03:20 jenkins dbus[658]: [system] Successfully activated service 'org.freedesktop.nm_dispatcher'
Sep  3 01:03:20 jenkins nm-dispatcher: req:1 'dhcp4-change' [enp0s3]: new request (3 scripts)
Sep  3 01:03:20 jenkins systemd: Started Network Manager Script Dispatcher Service.
Sep  3 01:03:20 jenkins nm-dispatcher: req:1 'dhcp4-change' [enp0s3]: start running ordered scripts...
Sep  3 01:03:35 jenkins dhclient[724]: DHCPREQUEST on enp0s8 to 192.168.56.100 port 67 (xid=0x2e1a7e27)
Sep  3 01:03:35 jenkins dhclient[724]: DHCPACK from 192.168.56.100 (xid=0x2e1a7e27)
Sep  3 01:03:35 jenkins NetworkManager[671]: <info>  [1630645415.1741] dhcp4 (enp0s8):   address 192.168.56.104
Sep  3 01:03:35 jenkins NetworkManager[671]: <info>  [1630645415.1742] dhcp4 (enp0s8):   plen 24 (255.255.255.0)
Sep  3 01:03:35 jenkins NetworkManager[671]: <info>  [1630645415.1742] dhcp4 (enp0s8):   lease time 600
Sep  3 01:03:35 jenkins NetworkManager[671]: <info>  [1630645415.1742] dhcp4 (enp0s8): state changed bound -> bound
Sep  3 01:03:35 jenkins dbus[658]: [system] Activating via systemd: service name='org.freedesktop.nm_dispatcher' unit='dbus-org.freedesktop.nm-dispatcher.service'
Sep  3 01:03:35 jenkins systemd: Starting Network Manager Script Dispatcher Service...
Sep  3 01:03:35 jenkins dhclient[724]: bound to 192.168.56.104 -- renewal in 294 seconds.
Sep  3 01:03:35 jenkins dbus[658]: [system] Successfully activated service 'org.freedesktop.nm_dispatcher'
Sep  3 01:03:35 jenkins nm-dispatcher: req:1 'dhcp4-change' [enp0s8]: new request (3 scripts)
Sep  3 01:03:35 jenkins systemd: Started Network Manager Script Dispatcher Service.
Sep  3 01:03:35 jenkins nm-dispatcher: req:1 'dhcp4-change' [enp0s8]: start running ordered scripts...
Sep  3 01:07:22 jenkins dhclient[723]: DHCPREQUEST on enp0s3 to 10.0.2.3 port 67 (xid=0x3d142438)
Sep  3 01:07:22 jenkins dhclient[723]: DHCPACK from 10.0.2.3 (xid=0x3d142438)
Sep  3 01:07:22 jenkins NetworkManager[671]: <info>  [1630645642.4186] dhcp4 (enp0s3):   address 10.0.2.6
Sep  3 01:07:22 jenkins NetworkManager[671]: <info>  [1630645642.4186] dhcp4 (enp0s3):   plen 24 (255.255.255.0)
Sep  3 01:07:22 jenkins NetworkManager[671]: <info>  [1630645642.4186] dhcp4 (enp0s3):   gateway 10.0.2.1
Sep  3 01:07:22 jenkins NetworkManager[671]: <info>  [1630645642.4187] dhcp4 (enp0s3):   lease time 600
Sep  3 01:07:22 jenkins NetworkManager[671]: <info>  [1630645642.4187] dhcp4 (enp0s3):   nameserver '183.82.243.66'
Sep  3 01:07:22 jenkins NetworkManager[671]: <info>  [1630645642.4187] dhcp4 (enp0s3):   nameserver '49.205.72.130'
Sep  3 01:07:22 jenkins NetworkManager[671]: <info>  [1630645642.4188] dhcp4 (enp0s3): state changed bound -> bound
Sep  3 01:07:22 jenkins dbus[658]: [system] Activating via systemd: service name='org.freedesktop.nm_dispatcher' unit='dbus-org.freedesktop.nm-dispatcher.service'
Sep  3 01:07:22 jenkins systemd: Starting Network Manager Script Dispatcher Service...
Sep  3 01:07:22 jenkins dhclient[723]: bound to 10.0.2.6 -- renewal in 249 seconds.
Sep  3 01:07:22 jenkins dbus[658]: [system] Successfully activated service 'org.freedesktop.nm_dispatcher'
Sep  3 01:07:22 jenkins nm-dispatcher: req:1 'dhcp4-change' [enp0s3]: new request (3 scripts)
Sep  3 01:07:22 jenkins systemd: Started Network Manager Script Dispatcher Service.
Sep  3 01:07:22 jenkins nm-dispatcher: req:1 'dhcp4-change' [enp0s3]: start running ordered scripts...
Sep  3 01:08:29 jenkins dhclient[724]: DHCPREQUEST on enp0s8 to 192.168.56.100 port 67 (xid=0x2e1a7e27)
Sep  3 01:08:29 jenkins dhclient[724]: DHCPACK from 192.168.56.100 (xid=0x2e1a7e27)
Sep  3 01:08:29 jenkins NetworkManager[671]: <info>  [1630645709.7364] dhcp4 (enp0s8):   address 192.168.56.104
Sep  3 01:08:29 jenkins NetworkManager[671]: <info>  [1630645709.7364] dhcp4 (enp0s8):   plen 24 (255.255.255.0)
Sep  3 01:08:29 jenkins NetworkManager[671]: <info>  [1630645709.7364] dhcp4 (enp0s8):   lease time 600
Sep  3 01:08:29 jenkins NetworkManager[671]: <info>  [1630645709.7365] dhcp4 (enp0s8): state changed bound -> bound
Sep  3 01:08:29 jenkins dbus[658]: [system] Activating via systemd: service name='org.freedesktop.nm_dispatcher' unit='dbus-org.freedesktop.nm-dispatcher.service'
Sep  3 01:08:29 jenkins systemd: Starting Network Manager Script Dispatcher Service...
Sep  3 01:08:29 jenkins dhclient[724]: bound to 192.168.56.104 -- renewal in 260 seconds.
Sep  3 01:08:29 jenkins dbus[658]: [system] Successfully activated service 'org.freedesktop.nm_dispatcher'
Sep  3 01:08:29 jenkins nm-dispatcher: req:1 'dhcp4-change' [enp0s8]: new request (3 scripts)
Sep  3 01:08:29 jenkins systemd: Started Network Manager Script Dispatcher Service.
Sep  3 01:08:29 jenkins nm-dispatcher: req:1 'dhcp4-change' [enp0s8]: start running ordered scripts...
Sep  3 01:11:31 jenkins dhclient[723]: DHCPREQUEST on enp0s3 to 10.0.2.3 port 67 (xid=0x3d142438)
Sep  3 01:11:31 jenkins dhclient[723]: DHCPACK from 10.0.2.3 (xid=0x3d142438)
Sep  3 01:11:31 jenkins NetworkManager[671]: <info>  [1630645891.8522] dhcp4 (enp0s3):   address 10.0.2.6
Sep  3 01:11:31 jenkins NetworkManager[671]: <info>  [1630645891.8523] dhcp4 (enp0s3):   plen 24 (255.255.255.0)
Sep  3 01:11:31 jenkins NetworkManager[671]: <info>  [1630645891.8523] dhcp4 (enp0s3):   gateway 10.0.2.1
Sep  3 01:11:31 jenkins NetworkManager[671]: <info>  [1630645891.8524] dhcp4 (enp0s3):   lease time 600
Sep  3 01:11:31 jenkins NetworkManager[671]: <info>  [1630645891.8524] dhcp4 (enp0s3):   nameserver '183.82.243.66'
Sep  3 01:11:31 jenkins NetworkManager[671]: <info>  [1630645891.8525] dhcp4 (enp0s3):   nameserver '49.205.72.130'
Sep  3 01:11:31 jenkins NetworkManager[671]: <info>  [1630645891.8525] dhcp4 (enp0s3): state changed bound -> bound
Sep  3 01:11:31 jenkins dbus[658]: [system] Activating via systemd: service name='org.freedesktop.nm_dispatcher' unit='dbus-org.freedesktop.nm-dispatcher.service'
Sep  3 01:11:31 jenkins systemd: Starting Network Manager Script Dispatcher Service...
Sep  3 01:11:31 jenkins dhclient[723]: bound to 10.0.2.6 -- renewal in 273 seconds.
Sep  3 01:11:31 jenkins dbus[658]: [system] Successfully activated service 'org.freedesktop.nm_dispatcher'
Sep  3 01:11:31 jenkins nm-dispatcher: req:1 'dhcp4-change' [enp0s3]: new request (3 scripts)
Sep  3 01:11:31 jenkins systemd: Started Network Manager Script Dispatcher Service.
Sep  3 01:11:31 jenkins nm-dispatcher: req:1 'dhcp4-change' [enp0s3]: start running ordered scripts...
Sep  3 01:12:49 jenkins dhclient[724]: DHCPREQUEST on enp0s8 to 192.168.56.100 port 67 (xid=0x2e1a7e27)
Sep  3 01:12:49 jenkins dhclient[724]: DHCPACK from 192.168.56.100 (xid=0x2e1a7e27)
Sep  3 01:12:49 jenkins NetworkManager[671]: <info>  [1630645969.6705] dhcp4 (enp0s8):   address 192.168.56.104
Sep  3 01:12:49 jenkins NetworkManager[671]: <info>  [1630645969.6706] dhcp4 (enp0s8):   plen 24 (255.255.255.0)
Sep  3 01:12:49 jenkins NetworkManager[671]: <info>  [1630645969.6706] dhcp4 (enp0s8):   lease time 600
Sep  3 01:12:49 jenkins NetworkManager[671]: <info>  [1630645969.6707] dhcp4 (enp0s8): state changed bound -> bound
Sep  3 01:12:49 jenkins dbus[658]: [system] Activating via systemd: service name='org.freedesktop.nm_dispatcher' unit='dbus-org.freedesktop.nm-dispatcher.service'
Sep  3 01:12:49 jenkins systemd: Starting Network Manager Script Dispatcher Service...
Sep  3 01:12:49 jenkins dhclient[724]: bound to 192.168.56.104 -- renewal in 275 seconds.
Sep  3 01:12:49 jenkins dbus[658]: [system] Successfully activated service 'org.freedesktop.nm_dispatcher'
Sep  3 01:12:49 jenkins nm-dispatcher: req:1 'dhcp4-change' [enp0s8]: new request (3 scripts)
Sep  3 01:12:49 jenkins systemd: Started Network Manager Script Dispatcher Service.
Sep  3 01:12:49 jenkins nm-dispatcher: req:1 'dhcp4-change' [enp0s8]: start running ordered scripts...
Sep  3 01:16:04 jenkins dhclient[723]: DHCPREQUEST on enp0s3 to 10.0.2.3 port 67 (xid=0x3d142438)
Sep  3 01:16:04 jenkins dhclient[723]: DHCPACK from 10.0.2.3 (xid=0x3d142438)
Sep  3 01:16:04 jenkins NetworkManager[671]: <info>  [1630646164.2148] dhcp4 (enp0s3):   address 10.0.2.6
Sep  3 01:16:04 jenkins NetworkManager[671]: <info>  [1630646164.2149] dhcp4 (enp0s3):   plen 24 (255.255.255.0)
Sep  3 01:16:04 jenkins NetworkManager[671]: <info>  [1630646164.2149] dhcp4 (enp0s3):   gateway 10.0.2.1
Sep  3 01:16:04 jenkins NetworkManager[671]: <info>  [1630646164.2149] dhcp4 (enp0s3):   lease time 600
Sep  3 01:16:04 jenkins NetworkManager[671]: <info>  [1630646164.2189] dhcp4 (enp0s3):   nameserver '183.82.243.66'
Sep  3 01:16:04 jenkins NetworkManager[671]: <info>  [1630646164.2190] dhcp4 (enp0s3):   nameserver '49.205.72.130'
Sep  3 01:16:04 jenkins NetworkManager[671]: <info>  [1630646164.2190] dhcp4 (enp0s3): state changed bound -> bound
Sep  3 01:16:04 jenkins dbus[658]: [system] Activating via systemd: service name='org.freedesktop.nm_dispatcher' unit='dbus-org.freedesktop.nm-dispatcher.service'
Sep  3 01:16:04 jenkins systemd: Starting Network Manager Script Dispatcher Service...
Sep  3 01:16:04 jenkins dhclient[723]: bound to 10.0.2.6 -- renewal in 295 seconds.
Sep  3 01:16:04 jenkins dbus[658]: [system] Successfully activated service 'org.freedesktop.nm_dispatcher'
Sep  3 01:16:04 jenkins nm-dispatcher: req:1 'dhcp4-change' [enp0s3]: new request (3 scripts)
Sep  3 01:16:04 jenkins systemd: Started Network Manager Script Dispatcher Service.
Sep  3 01:16:04 jenkins nm-dispatcher: req:1 'dhcp4-change' [enp0s3]: start running ordered scripts...
Sep  3 01:17:25 jenkins dhclient[724]: DHCPREQUEST on enp0s8 to 192.168.56.100 port 67 (xid=0x2e1a7e27)
Sep  3 01:17:25 jenkins dhclient[724]: DHCPACK from 192.168.56.100 (xid=0x2e1a7e27)
Sep  3 01:17:25 jenkins NetworkManager[671]: <info>  [1630646245.0905] dhcp4 (enp0s8):   address 192.168.56.104
Sep  3 01:17:25 jenkins NetworkManager[671]: <info>  [1630646245.0905] dhcp4 (enp0s8):   plen 24 (255.255.255.0)
Sep  3 01:17:25 jenkins NetworkManager[671]: <info>  [1630646245.0906] dhcp4 (enp0s8):   lease time 600
Sep  3 01:17:25 jenkins NetworkManager[671]: <info>  [1630646245.0906] dhcp4 (enp0s8): state changed bound -> bound
Sep  3 01:17:25 jenkins dbus[658]: [system] Activating via systemd: service name='org.freedesktop.nm_dispatcher' unit='dbus-org.freedesktop.nm-dispatcher.service'
Sep  3 01:17:25 jenkins systemd: Starting Network Manager Script Dispatcher Service...
Sep  3 01:17:25 jenkins dhclient[724]: bound to 192.168.56.104 -- renewal in 299 seconds.
Sep  3 01:17:25 jenkins dbus[658]: [system] Successfully activated service 'org.freedesktop.nm_dispatcher'
Sep  3 01:17:25 jenkins nm-dispatcher: req:1 'dhcp4-change' [enp0s8]: new request (3 scripts)
Sep  3 01:17:25 jenkins systemd: Started Network Manager Script Dispatcher Service.
Sep  3 01:17:25 jenkins nm-dispatcher: req:1 'dhcp4-change' [enp0s8]: start running ordered scripts...
Sep  3 01:20:59 jenkins dhclient[723]: DHCPREQUEST on enp0s3 to 10.0.2.3 port 67 (xid=0x3d142438)
