Aug 22 13:49:03 jenkins grafana-server: t=2021-08-22T13:49:03-0400 lvl=warn msg="Request Origin is not authorized" logger=live origin=http://192.168.56.104:3000 appUrl=http://localhost:3000/ allowedOrigins=
Aug 22 13:49:03 jenkins grafana-server: t=2021-08-22T13:49:03-0400 lvl=info msg="Request Completed" logger=context userId=1 orgId=1 uname=admin method=GET path=/api/live/ws status=403 remote_addr=192.168.56.1 time_ms=1 size=10 referer=
Aug 22 13:49:11 jenkins dhclient[734]: DHCPREQUEST on enp0s8 to 192.168.56.100 port 67 (xid=0x2f6e9797)
Aug 22 13:49:11 jenkins dhclient[734]: DHCPACK from 192.168.56.100 (xid=0x2f6e9797)
Aug 22 13:49:11 jenkins NetworkManager[662]: <info>  [1629654551.8198] dhcp4 (enp0s8):   address 192.168.56.104
Aug 22 13:49:11 jenkins NetworkManager[662]: <info>  [1629654551.8198] dhcp4 (enp0s8):   plen 24 (255.255.255.0)
Aug 22 13:49:11 jenkins NetworkManager[662]: <info>  [1629654551.8198] dhcp4 (enp0s8):   lease time 600
Aug 22 13:49:11 jenkins NetworkManager[662]: <info>  [1629654551.8198] dhcp4 (enp0s8): state changed bound -> bound
Aug 22 13:49:11 jenkins dbus[655]: [system] Activating via systemd: service name='org.freedesktop.nm_dispatcher' unit='dbus-org.freedesktop.nm-dispatcher.service'
Aug 22 13:49:11 jenkins systemd: Starting Network Manager Script Dispatcher Service...
Aug 22 13:49:11 jenkins dhclient[734]: bound to 192.168.56.104 -- renewal in 261 seconds.
Aug 22 13:49:11 jenkins dbus[655]: [system] Successfully activated service 'org.freedesktop.nm_dispatcher'
Aug 22 13:49:11 jenkins nm-dispatcher: req:1 'dhcp4-change' [enp0s8]: new request (3 scripts)
Aug 22 13:49:11 jenkins systemd: Started Network Manager Script Dispatcher Service.
Aug 22 13:49:11 jenkins nm-dispatcher: req:1 'dhcp4-change' [enp0s8]: start running ordered scripts...
Aug 22 13:49:22 jenkins grafana-server: t=2021-08-22T13:49:22-0400 lvl=warn msg="Request Origin is not authorized" logger=live origin=http://192.168.56.104:3000 appUrl=http://localhost:3000/ allowedOrigins=
Aug 22 13:49:23 jenkins grafana-server: t=2021-08-22T13:49:22-0400 lvl=info msg="Request Completed" logger=context userId=1 orgId=1 uname=admin method=GET path=/api/live/ws status=403 remote_addr=192.168.56.1 time_ms=4 size=10 referer=
Aug 22 13:49:40 jenkins grafana-server: t=2021-08-22T13:49:40-0400 lvl=warn msg="Request Origin is not authorized" logger=live origin=http://192.168.56.104:3000 appUrl=http://localhost:3000/ allowedOrigins=
Aug 22 13:49:41 jenkins grafana-server: t=2021-08-22T13:49:41-0400 lvl=info msg="Request Completed" logger=context userId=1 orgId=1 uname=admin method=GET path=/api/live/ws status=403 remote_addr=192.168.56.1 time_ms=28 size=10 referer=
Aug 22 13:49:58 jenkins grafana-server: t=2021-08-22T13:49:58-0400 lvl=warn msg="Request Origin is not authorized" logger=live origin=http://192.168.56.104:3000 appUrl=http://localhost:3000/ allowedOrigins=
Aug 22 13:49:58 jenkins grafana-server: t=2021-08-22T13:49:58-0400 lvl=info msg="Request Completed" logger=context userId=1 orgId=1 uname=admin method=GET path=/api/live/ws status=403 remote_addr=192.168.56.1 time_ms=3 size=10 referer=
Aug 22 13:50:10 jenkins grafana-server: t=2021-08-22T13:50:10-0400 lvl=warn msg="Request Origin is not authorized" logger=live origin=http://192.168.56.104:3000 appUrl=http://localhost:3000/ allowedOrigins=
Aug 22 13:50:10 jenkins grafana-server: t=2021-08-22T13:50:10-0400 lvl=info msg="Request Completed" logger=context userId=1 orgId=1 uname=admin method=GET path=/api/live/ws status=403 remote_addr=192.168.56.1 time_ms=1 size=10 referer=
Aug 22 13:50:29 jenkins grafana-server: t=2021-08-22T13:50:29-0400 lvl=warn msg="Request Origin is not authorized" logger=live origin=http://192.168.56.104:3000 appUrl=http://localhost:3000/ allowedOrigins=
Aug 22 13:50:29 jenkins grafana-server: t=2021-08-22T13:50:29-0400 lvl=info msg="Request Completed" logger=context userId=1 orgId=1 uname=admin method=GET path=/api/live/ws status=403 remote_addr=192.168.56.1 time_ms=2 size=10 referer=
Aug 22 13:50:44 jenkins grafana-server: t=2021-08-22T13:50:44-0400 lvl=warn msg="Request Origin is not authorized" logger=live origin=http://192.168.56.104:3000 appUrl=http://localhost:3000/ allowedOrigins=
Aug 22 13:50:45 jenkins grafana-server: t=2021-08-22T13:50:45-0400 lvl=info msg="Request Completed" logger=context userId=1 orgId=1 uname=admin method=GET path=/api/live/ws status=403 remote_addr=192.168.56.1 time_ms=14 size=10 referer=
Aug 22 13:51:01 jenkins grafana-server: t=2021-08-22T13:51:01-0400 lvl=warn msg="Request Origin is not authorized" logger=live origin=http://192.168.56.104:3000 appUrl=http://localhost:3000/ allowedOrigins=
Aug 22 13:51:01 jenkins grafana-server: t=2021-08-22T13:51:01-0400 lvl=info msg="Request Completed" logger=context userId=1 orgId=1 uname=admin method=GET path=/api/live/ws status=403 remote_addr=192.168.56.1 time_ms=1 size=10 referer=
Aug 22 13:51:14 jenkins grafana-server: t=2021-08-22T13:51:14-0400 lvl=warn msg="Request Origin is not authorized" logger=live origin=http://192.168.56.104:3000 appUrl=http://localhost:3000/ allowedOrigins=
Aug 22 13:51:14 jenkins grafana-server: t=2021-08-22T13:51:14-0400 lvl=info msg="Request Completed" logger=context userId=1 orgId=1 uname=admin method=GET path=/api/live/ws status=403 remote_addr=192.168.56.1 time_ms=1 size=10 referer=
Aug 22 13:51:33 jenkins grafana-server: t=2021-08-22T13:51:33-0400 lvl=warn msg="Request Origin is not authorized" logger=live origin=http://192.168.56.104:3000 appUrl=http://localhost:3000/ allowedOrigins=
Aug 22 13:51:33 jenkins grafana-server: t=2021-08-22T13:51:33-0400 lvl=info msg="Request Completed" logger=context userId=1 orgId=1 uname=admin method=GET path=/api/live/ws status=403 remote_addr=192.168.56.1 time_ms=2 size=10 referer=
Aug 22 13:51:49 jenkins grafana-server: t=2021-08-22T13:51:49-0400 lvl=warn msg="Request Origin is not authorized" logger=live origin=http://192.168.56.104:3000 appUrl=http://localhost:3000/ allowedOrigins=
Aug 22 13:51:50 jenkins grafana-server: t=2021-08-22T13:51:50-0400 lvl=info msg="Request Completed" logger=context userId=1 orgId=1 uname=admin method=GET path=/api/live/ws status=403 remote_addr=192.168.56.1 time_ms=94 size=10 referer=
Aug 22 13:52:00 jenkins grafana-server: t=2021-08-22T13:52:00-0400 lvl=warn msg="Request Origin is not authorized" logger=live origin=http://192.168.56.104:3000 appUrl=http://localhost:3000/ allowedOrigins=
Aug 22 13:52:00 jenkins grafana-server: t=2021-08-22T13:52:00-0400 lvl=info msg="Request Completed" logger=context userId=1 orgId=1 uname=admin method=GET path=/api/live/ws status=403 remote_addr=192.168.56.1 time_ms=1 size=10 referer=
Aug 22 13:52:07 jenkins dhclient[733]: DHCPREQUEST on enp0s3 to 10.0.2.3 port 67 (xid=0x597e29e6)
Aug 22 13:52:08 jenkins dhclient[733]: DHCPACK from 10.0.2.3 (xid=0x597e29e6)
Aug 22 13:52:08 jenkins NetworkManager[662]: <info>  [1629654728.0188] dhcp4 (enp0s3):   address 10.0.2.6
Aug 22 13:52:08 jenkins NetworkManager[662]: <info>  [1629654728.0189] dhcp4 (enp0s3):   plen 24 (255.255.255.0)
Aug 22 13:52:08 jenkins NetworkManager[662]: <info>  [1629654728.0236] dhcp4 (enp0s3):   gateway 10.0.2.1
Aug 22 13:52:08 jenkins NetworkManager[662]: <info>  [1629654728.0236] dhcp4 (enp0s3):   lease time 600
Aug 22 13:52:08 jenkins NetworkManager[662]: <info>  [1629654728.0236] dhcp4 (enp0s3):   nameserver '183.82.243.66'
Aug 22 13:52:08 jenkins NetworkManager[662]: <info>  [1629654728.0236] dhcp4 (enp0s3):   nameserver '49.205.72.130'
Aug 22 13:52:08 jenkins NetworkManager[662]: <info>  [1629654728.0236] dhcp4 (enp0s3): state changed bound -> bound
Aug 22 13:52:08 jenkins dbus[655]: [system] Activating via systemd: service name='org.freedesktop.nm_dispatcher' unit='dbus-org.freedesktop.nm-dispatcher.service'
Aug 22 13:52:08 jenkins systemd: Starting Network Manager Script Dispatcher Service...
Aug 22 13:52:08 jenkins dhclient[733]: bound to 10.0.2.6 -- renewal in 279 seconds.
Aug 22 13:52:08 jenkins dbus[655]: [system] Successfully activated service 'org.freedesktop.nm_dispatcher'
Aug 22 13:52:08 jenkins nm-dispatcher: req:1 'dhcp4-change' [enp0s3]: new request (3 scripts)
Aug 22 13:52:08 jenkins systemd: Started Network Manager Script Dispatcher Service.
Aug 22 13:52:08 jenkins nm-dispatcher: req:1 'dhcp4-change' [enp0s3]: start running ordered scripts...
Aug 22 13:52:17 jenkins grafana-server: t=2021-08-22T13:52:17-0400 lvl=warn msg="Request Origin is not authorized" logger=live origin=http://192.168.56.104:3000 appUrl=http://localhost:3000/ allowedOrigins=
Aug 22 13:52:17 jenkins grafana-server: t=2021-08-22T13:52:17-0400 lvl=info msg="Request Completed" logger=context userId=1 orgId=1 uname=admin method=GET path=/api/live/ws status=403 remote_addr=192.168.56.1 time_ms=1 size=10 referer=
Aug 22 13:52:34 jenkins grafana-server: t=2021-08-22T13:52:34-0400 lvl=warn msg="Request Origin is not authorized" logger=live origin=http://192.168.56.104:3000 appUrl=http://localhost:3000/ allowedOrigins=
Aug 22 13:52:34 jenkins grafana-server: t=2021-08-22T13:52:34-0400 lvl=info msg="Request Completed" logger=context userId=1 orgId=1 uname=admin method=GET path=/api/live/ws status=403 remote_addr=192.168.56.1 time_ms=1 size=10 referer=
Aug 22 13:52:45 jenkins grafana-server: t=2021-08-22T13:52:45-0400 lvl=warn msg="Request Origin is not authorized" logger=live origin=http://192.168.56.104:3000 appUrl=http://localhost:3000/ allowedOrigins=
Aug 22 13:52:45 jenkins grafana-server: t=2021-08-22T13:52:45-0400 lvl=info msg="Request Completed" logger=context userId=1 orgId=1 uname=admin method=GET path=/api/live/ws status=403 remote_addr=192.168.56.1 time_ms=1 size=10 referer=
Aug 22 13:52:58 jenkins grafana-server: t=2021-08-22T13:52:58-0400 lvl=warn msg="Request Origin is not authorized" logger=live origin=http://192.168.56.104:3000 appUrl=http://localhost:3000/ allowedOrigins=
Aug 22 13:52:58 jenkins grafana-server: t=2021-08-22T13:52:58-0400 lvl=info msg="Request Completed" logger=context userId=1 orgId=1 uname=admin method=GET path=/api/live/ws status=403 remote_addr=192.168.56.1 time_ms=17 size=10 referer=
Aug 22 13:53:10 jenkins grafana-server: t=2021-08-22T13:53:10-0400 lvl=warn msg="Request Origin is not authorized" logger=live origin=http://192.168.56.104:3000 appUrl=http://localhost:3000/ allowedOrigins=
Aug 22 13:53:10 jenkins grafana-server: t=2021-08-22T13:53:10-0400 lvl=info msg="Request Completed" logger=context userId=1 orgId=1 uname=admin method=GET path=/api/live/ws status=403 remote_addr=192.168.56.1 time_ms=14 size=10 referer=
Aug 22 13:53:21 jenkins grafana-server: t=2021-08-22T13:53:21-0400 lvl=warn msg="Request Origin is not authorized" logger=live origin=http://192.168.56.104:3000 appUrl=http://localhost:3000/ allowedOrigins=
Aug 22 13:53:21 jenkins grafana-server: t=2021-08-22T13:53:21-0400 lvl=info msg="Request Completed" logger=context userId=1 orgId=1 uname=admin method=GET path=/api/live/ws status=403 remote_addr=192.168.56.1 time_ms=1 size=10 referer=
Aug 22 13:53:32 jenkins dhclient[734]: DHCPREQUEST on enp0s8 to 192.168.56.100 port 67 (xid=0x2f6e9797)
Aug 22 13:53:32 jenkins dhclient[734]: DHCPACK from 192.168.56.100 (xid=0x2f6e9797)
Aug 22 13:53:32 jenkins NetworkManager[662]: <info>  [1629654812.7544] dhcp4 (enp0s8):   address 192.168.56.104
Aug 22 13:53:32 jenkins NetworkManager[662]: <info>  [1629654812.7544] dhcp4 (enp0s8):   plen 24 (255.255.255.0)
Aug 22 13:53:32 jenkins NetworkManager[662]: <info>  [1629654812.7544] dhcp4 (enp0s8):   lease time 600
Aug 22 13:53:32 jenkins NetworkManager[662]: <info>  [1629654812.7545] dhcp4 (enp0s8): state changed bound -> bound
Aug 22 13:53:32 jenkins dbus[655]: [system] Activating via systemd: service name='org.freedesktop.nm_dispatcher' unit='dbus-org.freedesktop.nm-dispatcher.service'
Aug 22 13:53:32 jenkins systemd: Starting Network Manager Script Dispatcher Service...
Aug 22 13:53:32 jenkins dhclient[734]: bound to 192.168.56.104 -- renewal in 228 seconds.
Aug 22 13:53:32 jenkins dbus[655]: [system] Successfully activated service 'org.freedesktop.nm_dispatcher'
Aug 22 13:53:32 jenkins nm-dispatcher: req:1 'dhcp4-change' [enp0s8]: new request (3 scripts)
Aug 22 13:53:32 jenkins systemd: Started Network Manager Script Dispatcher Service.
Aug 22 13:53:32 jenkins nm-dispatcher: req:1 'dhcp4-change' [enp0s8]: start running ordered scripts...
Aug 22 13:53:38 jenkins grafana-server: t=2021-08-22T13:53:38-0400 lvl=warn msg="Request Origin is not authorized" logger=live origin=http://192.168.56.104:3000 appUrl=http://localhost:3000/ allowedOrigins=
Aug 22 13:53:38 jenkins grafana-server: t=2021-08-22T13:53:38-0400 lvl=info msg="Request Completed" logger=context userId=1 orgId=1 uname=admin method=GET path=/api/live/ws status=403 remote_addr=192.168.56.1 time_ms=1 size=10 referer=
Aug 22 13:53:56 jenkins grafana-server: t=2021-08-22T13:53:56-0400 lvl=warn msg="Request Origin is not authorized" logger=live origin=http://192.168.56.104:3000 appUrl=http://localhost:3000/ allowedOrigins=
Aug 22 13:53:56 jenkins grafana-server: t=2021-08-22T13:53:56-0400 lvl=info msg="Request Completed" logger=context userId=1 orgId=1 uname=admin method=GET path=/api/live/ws status=403 remote_addr=192.168.56.1 time_ms=1 size=10 referer=
Aug 22 13:54:11 jenkins grafana-server: t=2021-08-22T13:54:11-0400 lvl=warn msg="Request Origin is not authorized" logger=live origin=http://192.168.56.104:3000 appUrl=http://localhost:3000/ allowedOrigins=
Aug 22 13:54:12 jenkins grafana-server: t=2021-08-22T13:54:12-0400 lvl=info msg="Request Completed" logger=context userId=1 orgId=1 uname=admin method=GET path=/api/live/ws status=403 remote_addr=192.168.56.1 time_ms=21 size=10 referer=
Aug 22 13:54:26 jenkins grafana-server: t=2021-08-22T13:54:26-0400 lvl=warn msg="Request Origin is not authorized" logger=live origin=http://192.168.56.104:3000 appUrl=http://localhost:3000/ allowedOrigins=
Aug 22 13:54:26 jenkins grafana-server: t=2021-08-22T13:54:26-0400 lvl=info msg="Request Completed" logger=context userId=1 orgId=1 uname=admin method=GET path=/api/live/ws status=403 remote_addr=192.168.56.1 time_ms=1 size=10 referer=
Aug 22 13:54:40 jenkins grafana-server: t=2021-08-22T13:54:40-0400 lvl=warn msg="Request Origin is not authorized" logger=live origin=http://192.168.56.104:3000 appUrl=http://localhost:3000/ allowedOrigins=
Aug 22 13:54:40 jenkins grafana-server: t=2021-08-22T13:54:40-0400 lvl=info msg="Request Completed" logger=context userId=1 orgId=1 uname=admin method=GET path=/api/live/ws status=403 remote_addr=192.168.56.1 time_ms=1 size=10 referer=
Aug 22 13:54:54 jenkins grafana-server: t=2021-08-22T13:54:54-0400 lvl=warn msg="Request Origin is not authorized" logger=live origin=http://192.168.56.104:3000 appUrl=http://localhost:3000/ allowedOrigins=
Aug 22 13:54:54 jenkins grafana-server: t=2021-08-22T13:54:54-0400 lvl=info msg="Request Completed" logger=context userId=1 orgId=1 uname=admin method=GET path=/api/live/ws status=403 remote_addr=192.168.56.1 time_ms=1 size=10 referer=
Aug 22 13:55:04 jenkins grafana-server: t=2021-08-22T13:55:04-0400 lvl=warn msg="Request Origin is not authorized" logger=live origin=http://192.168.56.104:3000 appUrl=http://localhost:3000/ allowedOrigins=
Aug 22 13:55:04 jenkins grafana-server: t=2021-08-22T13:55:04-0400 lvl=info msg="Request Completed" logger=context userId=1 orgId=1 uname=admin method=GET path=/api/live/ws status=403 remote_addr=192.168.56.1 time_ms=1 size=10 referer=
Aug 22 13:55:20 jenkins grafana-server: t=2021-08-22T13:55:20-0400 lvl=warn msg="Request Origin is not authorized" logger=live origin=http://192.168.56.104:3000 appUrl=http://localhost:3000/ allowedOrigins=
Aug 22 13:55:20 jenkins grafana-server: t=2021-08-22T13:55:20-0400 lvl=info msg="Request Completed" logger=context userId=1 orgId=1 uname=admin method=GET path=/api/live/ws status=403 remote_addr=192.168.56.1 time_ms=409 size=10 referer=
Aug 22 13:55:37 jenkins grafana-server: t=2021-08-22T13:55:37-0400 lvl=warn msg="Request Origin is not authorized" logger=live origin=http://192.168.56.104:3000 appUrl=http://localhost:3000/ allowedOrigins=
Aug 22 13:55:37 jenkins grafana-server: t=2021-08-22T13:55:37-0400 lvl=info msg="Request Completed" logger=context userId=1 orgId=1 uname=admin method=GET path=/api/live/ws status=403 remote_addr=192.168.56.1 time_ms=1 size=10 referer=
Aug 22 13:55:53 jenkins grafana-server: t=2021-08-22T13:55:53-0400 lvl=warn msg="Request Origin is not authorized" logger=live origin=http://192.168.56.104:3000 appUrl=http://localhost:3000/ allowedOrigins=
Aug 22 13:55:53 jenkins grafana-server: t=2021-08-22T13:55:53-0400 lvl=info msg="Request Completed" logger=context userId=1 orgId=1 uname=admin method=GET path=/api/live/ws status=403 remote_addr=192.168.56.1 time_ms=2 size=10 referer=
Aug 22 13:56:06 jenkins grafana-server: t=2021-08-22T13:56:06-0400 lvl=warn msg="Request Origin is not authorized" logger=live origin=http://192.168.56.104:3000 appUrl=http://localhost:3000/ allowedOrigins=
Aug 22 13:56:06 jenkins grafana-server: t=2021-08-22T13:56:06-0400 lvl=info msg="Request Completed" logger=context userId=1 orgId=1 uname=admin method=GET path=/api/live/ws status=403 remote_addr=192.168.56.1 time_ms=1 size=10 referer=
Aug 22 13:56:19 jenkins grafana-server: t=2021-08-22T13:56:19-0400 lvl=warn msg="Request Origin is not authorized" logger=live origin=http://192.168.56.104:3000 appUrl=http://localhost:3000/ allowedOrigins=
Aug 22 13:56:19 jenkins grafana-server: t=2021-08-22T13:56:19-0400 lvl=info msg="Request Completed" logger=context userId=1 orgId=1 uname=admin method=GET path=/api/live/ws status=403 remote_addr=192.168.56.1 time_ms=1 size=10 referer=
Aug 22 13:56:33 jenkins grafana-server: t=2021-08-22T13:56:33-0400 lvl=warn msg="Request Origin is not authorized" logger=live origin=http://192.168.56.104:3000 appUrl=http://localhost:3000/ allowedOrigins=
Aug 22 13:56:33 jenkins grafana-server: t=2021-08-22T13:56:33-0400 lvl=info msg="Request Completed" logger=context userId=1 orgId=1 uname=admin method=GET path=/api/live/ws status=403 remote_addr=192.168.56.1 time_ms=42 size=10 referer=
Aug 22 13:56:45 jenkins grafana-server: t=2021-08-22T13:56:45-0400 lvl=warn msg="Request Origin is not authorized" logger=live origin=http://192.168.56.104:3000 appUrl=http://localhost:3000/ allowedOrigins=
Aug 22 13:56:45 jenkins grafana-server: t=2021-08-22T13:56:45-0400 lvl=info msg="Request Completed" logger=context userId=1 orgId=1 uname=admin method=GET path=/api/live/ws status=403 remote_addr=192.168.56.1 time_ms=1 size=10 referer=
Aug 22 13:56:47 jenkins dhclient[733]: DHCPREQUEST on enp0s3 to 10.0.2.3 port 67 (xid=0x597e29e6)
Aug 22 13:56:48 jenkins dhclient[733]: DHCPACK from 10.0.2.3 (xid=0x597e29e6)
Aug 22 13:56:48 jenkins NetworkManager[662]: <info>  [1629655008.1272] dhcp4 (enp0s3):   address 10.0.2.6
Aug 22 13:56:48 jenkins NetworkManager[662]: <info>  [1629655008.1273] dhcp4 (enp0s3):   plen 24 (255.255.255.0)
Aug 22 13:56:48 jenkins NetworkManager[662]: <info>  [1629655008.1273] dhcp4 (enp0s3):   gateway 10.0.2.1
Aug 22 13:56:48 jenkins NetworkManager[662]: <info>  [1629655008.1273] dhcp4 (enp0s3):   lease time 600
Aug 22 13:56:48 jenkins NetworkManager[662]: <info>  [1629655008.1274] dhcp4 (enp0s3):   nameserver '183.82.243.66'
Aug 22 13:56:48 jenkins NetworkManager[662]: <info>  [1629655008.1317] dhcp4 (enp0s3):   nameserver '49.205.72.130'
Aug 22 13:56:48 jenkins NetworkManager[662]: <info>  [1629655008.1318] dhcp4 (enp0s3): state changed bound -> bound
Aug 22 13:56:48 jenkins dbus[655]: [system] Activating via systemd: service name='org.freedesktop.nm_dispatcher' unit='dbus-org.freedesktop.nm-dispatcher.service'
Aug 22 13:56:48 jenkins systemd: Starting Network Manager Script Dispatcher Service...
Aug 22 13:56:48 jenkins dhclient[733]: bound to 10.0.2.6 -- renewal in 275 seconds.
Aug 22 13:56:48 jenkins dbus[655]: [system] Successfully activated service 'org.freedesktop.nm_dispatcher'
Aug 22 13:56:48 jenkins nm-dispatcher: req:1 'dhcp4-change' [enp0s3]: new request (3 scripts)
Aug 22 13:56:48 jenkins systemd: Started Network Manager Script Dispatcher Service.
Aug 22 13:56:48 jenkins nm-dispatcher: req:1 'dhcp4-change' [enp0s3]: start running ordered scripts...
Aug 22 13:57:03 jenkins grafana-server: t=2021-08-22T13:57:03-0400 lvl=warn msg="Request Origin is not authorized" logger=live origin=http://192.168.56.104:3000 appUrl=http://localhost:3000/ allowedOrigins=
Aug 22 13:57:03 jenkins grafana-server: t=2021-08-22T13:57:03-0400 lvl=info msg="Request Completed" logger=context userId=1 orgId=1 uname=admin method=GET path=/api/live/ws status=403 remote_addr=192.168.56.1 time_ms=1 size=10 referer=
Aug 22 13:57:19 jenkins grafana-server: t=2021-08-22T13:57:19-0400 lvl=warn msg="Request Origin is not authorized" logger=live origin=http://192.168.56.104:3000 appUrl=http://localhost:3000/ allowedOrigins=
Aug 22 13:57:19 jenkins grafana-server: t=2021-08-22T13:57:19-0400 lvl=info msg="Request Completed" logger=context userId=1 orgId=1 uname=admin method=GET path=/api/live/ws status=403 remote_addr=192.168.56.1 time_ms=1 size=10 referer=
Aug 22 13:57:20 jenkins dhclient[734]: DHCPREQUEST on enp0s8 to 192.168.56.100 port 67 (xid=0x2f6e9797)
Aug 22 13:57:20 jenkins dhclient[734]: DHCPACK from 192.168.56.100 (xid=0x2f6e9797)
Aug 22 13:57:20 jenkins NetworkManager[662]: <info>  [1629655040.8162] dhcp4 (enp0s8):   address 192.168.56.104
Aug 22 13:57:20 jenkins NetworkManager[662]: <info>  [1629655040.8162] dhcp4 (enp0s8):   plen 24 (255.255.255.0)
Aug 22 13:57:20 jenkins NetworkManager[662]: <info>  [1629655040.8162] dhcp4 (enp0s8):   lease time 600
Aug 22 13:57:20 jenkins NetworkManager[662]: <info>  [1629655040.8162] dhcp4 (enp0s8): state changed bound -> bound
Aug 22 13:57:20 jenkins dbus[655]: [system] Activating via systemd: service name='org.freedesktop.nm_dispatcher' unit='dbus-org.freedesktop.nm-dispatcher.service'
Aug 22 13:57:20 jenkins systemd: Starting Network Manager Script Dispatcher Service...
Aug 22 13:57:20 jenkins dhclient[734]: bound to 192.168.56.104 -- renewal in 301 seconds.
Aug 22 13:57:20 jenkins dbus[655]: [system] Successfully activated service 'org.freedesktop.nm_dispatcher'
Aug 22 13:57:20 jenkins nm-dispatcher: req:1 'dhcp4-change' [enp0s8]: new request (3 scripts)
Aug 22 13:57:20 jenkins systemd: Started Network Manager Script Dispatcher Service.
Aug 22 13:57:20 jenkins nm-dispatcher: req:1 'dhcp4-change' [enp0s8]: start running ordered scripts...
Aug 22 13:57:30 jenkins grafana-server: t=2021-08-22T13:57:30-0400 lvl=warn msg="Request Origin is not authorized" logger=live origin=http://192.168.56.104:3000 appUrl=http://localhost:3000/ allowedOrigins=
Aug 22 13:57:30 jenkins grafana-server: t=2021-08-22T13:57:30-0400 lvl=info msg="Request Completed" logger=context userId=1 orgId=1 uname=admin method=GET path=/api/live/ws status=403 remote_addr=192.168.56.1 time_ms=1 size=10 referer=
Aug 22 13:57:41 jenkins grafana-server: t=2021-08-22T13:57:41-0400 lvl=warn msg="Request Origin is not authorized" logger=live origin=http://192.168.56.104:3000 appUrl=http://localhost:3000/ allowedOrigins=
Aug 22 13:57:42 jenkins grafana-server: t=2021-08-22T13:57:42-0400 lvl=info msg="Request Completed" logger=context userId=1 orgId=1 uname=admin method=GET path=/api/live/ws status=403 remote_addr=192.168.56.1 time_ms=217 size=10 referer=
Aug 22 13:57:56 jenkins grafana-server: t=2021-08-22T13:57:56-0400 lvl=warn msg="Request Origin is not authorized" logger=live origin=http://192.168.56.104:3000 appUrl=http://localhost:3000/ allowedOrigins=
Aug 22 13:57:56 jenkins grafana-server: t=2021-08-22T13:57:56-0400 lvl=info msg="Request Completed" logger=context userId=1 orgId=1 uname=admin method=GET path=/api/live/ws status=403 remote_addr=192.168.56.1 time_ms=1 size=10 referer=
Aug 22 13:58:16 jenkins grafana-server: t=2021-08-22T13:58:16-0400 lvl=warn msg="Request Origin is not authorized" logger=live origin=http://192.168.56.104:3000 appUrl=http://localhost:3000/ allowedOrigins=
Aug 22 13:58:16 jenkins grafana-server: t=2021-08-22T13:58:16-0400 lvl=info msg="Request Completed" logger=context userId=1 orgId=1 uname=admin method=GET path=/api/live/ws status=403 remote_addr=192.168.56.1 time_ms=137 size=10 referer=
Aug 22 13:58:31 jenkins grafana-server: t=2021-08-22T13:58:31-0400 lvl=warn msg="Request Origin is not authorized" logger=live origin=http://192.168.56.104:3000 appUrl=http://localhost:3000/ allowedOrigins=
Aug 22 13:58:31 jenkins grafana-server: t=2021-08-22T13:58:31-0400 lvl=info msg="Request Completed" logger=context userId=1 orgId=1 uname=admin method=GET path=/api/live/ws status=403 remote_addr=192.168.56.1 time_ms=1 size=10 referer=
Aug 22 13:58:45 jenkins grafana-server: t=2021-08-22T13:58:45-0400 lvl=warn msg="Request Origin is not authorized" logger=live origin=http://192.168.56.104:3000 appUrl=http://localhost:3000/ allowedOrigins=
Aug 22 13:58:45 jenkins grafana-server: t=2021-08-22T13:58:45-0400 lvl=info msg="Request Completed" logger=context userId=1 orgId=1 uname=admin method=GET path=/api/live/ws status=403 remote_addr=192.168.56.1 time_ms=397 size=10 referer=
Aug 22 13:59:00 jenkins grafana-server: t=2021-08-22T13:59:00-0400 lvl=warn msg="Request Origin is not authorized" logger=live origin=http://192.168.56.104:3000 appUrl=http://localhost:3000/ allowedOrigins=
Aug 22 13:59:00 jenkins grafana-server: t=2021-08-22T13:59:00-0400 lvl=info msg="Request Completed" logger=context userId=1 orgId=1 uname=admin method=GET path=/api/live/ws status=403 remote_addr=192.168.56.1 time_ms=1 size=10 referer=
Aug 22 13:59:13 jenkins grafana-server: t=2021-08-22T13:59:13-0400 lvl=warn msg="Request Origin is not authorized" logger=live origin=http://192.168.56.104:3000 appUrl=http://localhost:3000/ allowedOrigins=
Aug 22 13:59:13 jenkins grafana-server: t=2021-08-22T13:59:13-0400 lvl=info msg="Request Completed" logger=context userId=1 orgId=1 uname=admin method=GET path=/api/live/ws status=403 remote_addr=192.168.56.1 time_ms=2 size=10 referer=
Aug 22 13:59:25 jenkins grafana-server: t=2021-08-22T13:59:25-0400 lvl=warn msg="Request Origin is not authorized" logger=live origin=http://192.168.56.104:3000 appUrl=http://localhost:3000/ allowedOrigins=
Aug 22 13:59:25 jenkins grafana-server: t=2021-08-22T13:59:25-0400 lvl=info msg="Request Completed" logger=context userId=1 orgId=1 uname=admin method=GET path=/api/live/ws status=403 remote_addr=192.168.56.1 time_ms=2 size=10 referer=
Aug 22 13:59:38 jenkins grafana-server: t=2021-08-22T13:59:38-0400 lvl=warn msg="Request Origin is not authorized" logger=live origin=http://192.168.56.104:3000 appUrl=http://localhost:3000/ allowedOrigins=
Aug 22 13:59:38 jenkins grafana-server: t=2021-08-22T13:59:38-0400 lvl=info msg="Request Completed" logger=context userId=1 orgId=1 uname=admin method=GET path=/api/live/ws status=403 remote_addr=192.168.56.1 time_ms=1 size=10 referer=
Aug 22 13:59:57 jenkins grafana-server: t=2021-08-22T13:59:57-0400 lvl=warn msg="Request Origin is not authorized" logger=live origin=http://192.168.56.104:3000 appUrl=http://localhost:3000/ allowedOrigins=
Aug 22 13:59:57 jenkins grafana-server: t=2021-08-22T13:59:57-0400 lvl=info msg="Request Completed" logger=context userId=1 orgId=1 uname=admin method=GET path=/api/live/ws status=403 remote_addr=192.168.56.1 time_ms=136 size=10 referer=
Aug 22 14:00:10 jenkins grafana-server: t=2021-08-22T14:00:10-0400 lvl=warn msg="Request Origin is not authorized" logger=live origin=http://192.168.56.104:3000 appUrl=http://localhost:3000/ allowedOrigins=
Aug 22 14:00:10 jenkins grafana-server: t=2021-08-22T14:00:10-0400 lvl=info msg="Request Completed" logger=context userId=1 orgId=1 uname=admin method=GET path=/api/live/ws status=403 remote_addr=192.168.56.1 time_ms=1 size=10 referer=
Aug 22 14:00:28 jenkins grafana-server: t=2021-08-22T14:00:28-0400 lvl=warn msg="Request Origin is not authorized" logger=live origin=http://192.168.56.104:3000 appUrl=http://localhost:3000/ allowedOrigins=
Aug 22 14:00:28 jenkins grafana-server: t=2021-08-22T14:00:28-0400 lvl=info msg="Request Completed" logger=context userId=1 orgId=1 uname=admin method=GET path=/api/live/ws status=403 remote_addr=192.168.56.1 time_ms=1 size=10 referer=
Aug 22 14:00:46 jenkins grafana-server: t=2021-08-22T14:00:46-0400 lvl=warn msg="Request Origin is not authorized" logger=live origin=http://192.168.56.104:3000 appUrl=http://localhost:3000/ allowedOrigins=
Aug 22 14:00:46 jenkins grafana-server: t=2021-08-22T14:00:46-0400 lvl=info msg="Request Completed" logger=context userId=1 orgId=1 uname=admin method=GET path=/api/live/ws status=403 remote_addr=192.168.56.1 time_ms=1 size=10 referer=
Aug 22 14:00:57 jenkins grafana-server: t=2021-08-22T14:00:57-0400 lvl=warn msg="Request Origin is not authorized" logger=live origin=http://192.168.56.104:3000 appUrl=http://localhost:3000/ allowedOrigins=
Aug 22 14:00:58 jenkins grafana-server: t=2021-08-22T14:00:58-0400 lvl=info msg="Request Completed" logger=context userId=1 orgId=1 uname=admin method=GET path=/api/live/ws status=403 remote_addr=192.168.56.1 time_ms=430 size=10 referer=
Aug 22 14:01:01 jenkins systemd: Started Session 3 of user root.
Aug 22 14:01:16 jenkins grafana-server: t=2021-08-22T14:01:16-0400 lvl=warn msg="Request Origin is not authorized" logger=live origin=http://192.168.56.104:3000 appUrl=http://localhost:3000/ allowedOrigins=
Aug 22 14:01:16 jenkins grafana-server: t=2021-08-22T14:01:16-0400 lvl=info msg="Request Completed" logger=context userId=1 orgId=1 uname=admin method=GET path=/api/live/ws status=403 remote_addr=192.168.56.1 time_ms=1 size=10 referer=
Aug 22 14:01:23 jenkins dhclient[733]: DHCPREQUEST on enp0s3 to 10.0.2.3 port 67 (xid=0x597e29e6)
Aug 22 14:01:24 jenkins dhclient[733]: DHCPACK from 10.0.2.3 (xid=0x597e29e6)
Aug 22 14:01:24 jenkins NetworkManager[662]: <info>  [1629655284.1425] dhcp4 (enp0s3):   address 10.0.2.6
Aug 22 14:01:24 jenkins NetworkManager[662]: <info>  [1629655284.1427] dhcp4 (enp0s3):   plen 24 (255.255.255.0)
Aug 22 14:01:24 jenkins NetworkManager[662]: <info>  [1629655284.1428] dhcp4 (enp0s3):   gateway 10.0.2.1
Aug 22 14:01:24 jenkins NetworkManager[662]: <info>  [1629655284.1428] dhcp4 (enp0s3):   lease time 600
Aug 22 14:01:24 jenkins NetworkManager[662]: <info>  [1629655284.1428] dhcp4 (enp0s3):   nameserver '183.82.243.66'
Aug 22 14:01:24 jenkins NetworkManager[662]: <info>  [1629655284.1428] dhcp4 (enp0s3):   nameserver '49.205.72.130'
Aug 22 14:01:24 jenkins NetworkManager[662]: <info>  [1629655284.1428] dhcp4 (enp0s3): state changed bound -> bound
Aug 22 14:01:24 jenkins dbus[655]: [system] Activating via systemd: service name='org.freedesktop.nm_dispatcher' unit='dbus-org.freedesktop.nm-dispatcher.service'
Aug 22 14:01:24 jenkins systemd: Starting Network Manager Script Dispatcher Service...
Aug 22 14:01:24 jenkins dhclient[733]: bound to 10.0.2.6 -- renewal in 228 seconds.
Aug 22 14:01:24 jenkins dbus[655]: [system] Successfully activated service 'org.freedesktop.nm_dispatcher'
Aug 22 14:01:24 jenkins nm-dispatcher: req:1 'dhcp4-change' [enp0s3]: new request (3 scripts)
Aug 22 14:01:24 jenkins systemd: Started Network Manager Script Dispatcher Service.
Aug 22 14:01:24 jenkins nm-dispatcher: req:1 'dhcp4-change' [enp0s3]: start running ordered scripts...
Aug 22 14:01:31 jenkins grafana-server: t=2021-08-22T14:01:31-0400 lvl=warn msg="Request Origin is not authorized" logger=live origin=http://192.168.56.104:3000 appUrl=http://localhost:3000/ allowedOrigins=
Aug 22 14:01:31 jenkins grafana-server: t=2021-08-22T14:01:31-0400 lvl=info msg="Request Completed" logger=context userId=1 orgId=1 uname=admin method=GET path=/api/live/ws status=403 remote_addr=192.168.56.1 time_ms=1 size=10 referer=
Aug 22 14:01:43 jenkins grafana-server: t=2021-08-22T14:01:43-0400 lvl=warn msg="Request Origin is not authorized" logger=live origin=http://192.168.56.104:3000 appUrl=http://localhost:3000/ allowedOrigins=
Aug 22 14:01:43 jenkins grafana-server: t=2021-08-22T14:01:43-0400 lvl=info msg="Request Completed" logger=context userId=1 orgId=1 uname=admin method=GET path=/api/live/ws status=403 remote_addr=192.168.56.1 time_ms=2 size=10 referer=
Aug 22 14:02:02 jenkins grafana-server: t=2021-08-22T14:02:02-0400 lvl=warn msg="Request Origin is not authorized" logger=live origin=http://192.168.56.104:3000 appUrl=http://localhost:3000/ allowedOrigins=
Aug 22 14:02:02 jenkins grafana-server: t=2021-08-22T14:02:02-0400 lvl=info msg="Request Completed" logger=context userId=1 orgId=1 uname=admin method=GET path=/api/live/ws status=403 remote_addr=192.168.56.1 time_ms=398 size=10 referer=
Aug 22 14:02:15 jenkins grafana-server: t=2021-08-22T14:02:15-0400 lvl=warn msg="Request Origin is not authorized" logger=live origin=http://192.168.56.104:3000 appUrl=http://localhost:3000/ allowedOrigins=
Aug 22 14:02:15 jenkins grafana-server: t=2021-08-22T14:02:15-0400 lvl=info msg="Request Completed" logger=context userId=1 orgId=1 uname=admin method=GET path=/api/live/ws status=403 remote_addr=192.168.56.1 time_ms=1 size=10 referer=
Aug 22 14:02:21 jenkins dhclient[734]: DHCPREQUEST on enp0s8 to 192.168.56.100 port 67 (xid=0x2f6e9797)
Aug 22 14:02:22 jenkins dhclient[734]: DHCPACK from 192.168.56.100 (xid=0x2f6e9797)
Aug 22 14:02:22 jenkins NetworkManager[662]: <info>  [1629655342.0866] dhcp4 (enp0s8):   address 192.168.56.104
Aug 22 14:02:22 jenkins NetworkManager[662]: <info>  [1629655342.0867] dhcp4 (enp0s8):   plen 24 (255.255.255.0)
Aug 22 14:02:22 jenkins NetworkManager[662]: <info>  [1629655342.0867] dhcp4 (enp0s8):   lease time 600
Aug 22 14:02:22 jenkins NetworkManager[662]: <info>  [1629655342.0867] dhcp4 (enp0s8): state changed bound -> bound
Aug 22 14:02:22 jenkins dbus[655]: [system] Activating via systemd: service name='org.freedesktop.nm_dispatcher' unit='dbus-org.freedesktop.nm-dispatcher.service'
Aug 22 14:02:22 jenkins systemd: Starting Network Manager Script Dispatcher Service...
Aug 22 14:02:22 jenkins dhclient[734]: bound to 192.168.56.104 -- renewal in 248 seconds.
Aug 22 14:02:22 jenkins dbus[655]: [system] Successfully activated service 'org.freedesktop.nm_dispatcher'
Aug 22 14:02:22 jenkins nm-dispatcher: req:1 'dhcp4-change' [enp0s8]: new request (3 scripts)
Aug 22 14:02:22 jenkins systemd: Started Network Manager Script Dispatcher Service.
Aug 22 14:02:22 jenkins nm-dispatcher: req:1 'dhcp4-change' [enp0s8]: start running ordered scripts...
Aug 22 14:02:29 jenkins grafana-server: t=2021-08-22T14:02:29-0400 lvl=warn msg="Request Origin is not authorized" logger=live origin=http://192.168.56.104:3000 appUrl=http://localhost:3000/ allowedOrigins=
Aug 22 14:02:29 jenkins grafana-server: t=2021-08-22T14:02:29-0400 lvl=info msg="Request Completed" logger=context userId=1 orgId=1 uname=admin method=GET path=/api/live/ws status=403 remote_addr=192.168.56.1 time_ms=3 size=10 referer=
Aug 22 14:02:43 jenkins grafana-server: t=2021-08-22T14:02:43-0400 lvl=warn msg="Request Origin is not authorized" logger=live origin=http://192.168.56.104:3000 appUrl=http://localhost:3000/ allowedOrigins=
Aug 22 14:02:43 jenkins grafana-server: t=2021-08-22T14:02:43-0400 lvl=info msg="Request Completed" logger=context userId=1 orgId=1 uname=admin method=GET path=/api/live/ws status=403 remote_addr=192.168.56.1 time_ms=2 size=10 referer=
Aug 22 14:03:01 jenkins grafana-server: t=2021-08-22T14:03:01-0400 lvl=warn msg="Request Origin is not authorized" logger=live origin=http://192.168.56.104:3000 appUrl=http://localhost:3000/ allowedOrigins=
Aug 22 14:03:01 jenkins grafana-server: t=2021-08-22T14:03:01-0400 lvl=info msg="Request Completed" logger=context userId=1 orgId=1 uname=admin method=GET path=/api/live/ws status=403 remote_addr=192.168.56.1 time_ms=2 size=10 referer=
Aug 22 14:03:18 jenkins grafana-server: t=2021-08-22T14:03:18-0400 lvl=warn msg="Request Origin is not authorized" logger=live origin=http://192.168.56.104:3000 appUrl=http://localhost:3000/ allowedOrigins=
Aug 22 14:03:18 jenkins grafana-server: t=2021-08-22T14:03:18-0400 lvl=info msg="Request Completed" logger=context userId=1 orgId=1 uname=admin method=GET path=/api/live/ws status=403 remote_addr=192.168.56.1 time_ms=133 size=10 referer=
Aug 22 14:03:31 jenkins grafana-server: t=2021-08-22T14:03:31-0400 lvl=warn msg="Request Origin is not authorized" logger=live origin=http://192.168.56.104:3000 appUrl=http://localhost:3000/ allowedOrigins=
Aug 22 14:03:31 jenkins grafana-server: t=2021-08-22T14:03:31-0400 lvl=info msg="Request Completed" logger=context userId=1 orgId=1 uname=admin method=GET path=/api/live/ws status=403 remote_addr=192.168.56.1 time_ms=2 size=10 referer=
Aug 22 14:03:46 jenkins grafana-server: t=2021-08-22T14:03:46-0400 lvl=warn msg="Request Origin is not authorized" logger=live origin=http://192.168.56.104:3000 appUrl=http://localhost:3000/ allowedOrigins=
Aug 22 14:03:46 jenkins grafana-server: t=2021-08-22T14:03:46-0400 lvl=info msg="Request Completed" logger=context userId=1 orgId=1 uname=admin method=GET path=/api/live/ws status=403 remote_addr=192.168.56.1 time_ms=2 size=10 referer=
Aug 22 14:04:06 jenkins grafana-server: t=2021-08-22T14:04:06-0400 lvl=warn msg="Request Origin is not authorized" logger=live origin=http://192.168.56.104:3000 appUrl=http://localhost:3000/ allowedOrigins=
Aug 22 14:04:06 jenkins grafana-server: t=2021-08-22T14:04:06-0400 lvl=info msg="Request Completed" logger=context userId=1 orgId=1 uname=admin method=GET path=/api/live/ws status=403 remote_addr=192.168.56.1 time_ms=1 size=10 referer=
Aug 22 14:04:22 jenkins grafana-server: t=2021-08-22T14:04:22-0400 lvl=warn msg="Request Origin is not authorized" logger=live origin=http://192.168.56.104:3000 appUrl=http://localhost:3000/ allowedOrigins=
Aug 22 14:04:22 jenkins grafana-server: t=2021-08-22T14:04:22-0400 lvl=info msg="Request Completed" logger=context userId=1 orgId=1 uname=admin method=GET path=/api/live/ws status=403 remote_addr=192.168.56.1 time_ms=54 size=10 referer=
Aug 22 14:04:42 jenkins grafana-server: t=2021-08-22T14:04:42-0400 lvl=warn msg="Request Origin is not authorized" logger=live origin=http://192.168.56.104:3000 appUrl=http://localhost:3000/ allowedOrigins=
Aug 22 14:04:42 jenkins grafana-server: t=2021-08-22T14:04:42-0400 lvl=info msg="Request Completed" logger=context userId=1 orgId=1 uname=admin method=GET path=/api/live/ws status=403 remote_addr=192.168.56.1 time_ms=1 size=10 referer=
Aug 22 14:04:56 jenkins grafana-server: t=2021-08-22T14:04:56-0400 lvl=warn msg="Request Origin is not authorized" logger=live origin=http://192.168.56.104:3000 appUrl=http://localhost:3000/ allowedOrigins=
Aug 22 14:04:56 jenkins grafana-server: t=2021-08-22T14:04:56-0400 lvl=info msg="Request Completed" logger=context userId=1 orgId=1 uname=admin method=GET path=/api/live/ws status=403 remote_addr=192.168.56.1 time_ms=2 size=10 referer=
Aug 22 14:05:12 jenkins dhclient[733]: DHCPREQUEST on enp0s3 to 10.0.2.3 port 67 (xid=0x597e29e6)
Aug 22 14:05:12 jenkins dhclient[733]: DHCPACK from 10.0.2.3 (xid=0x597e29e6)
Aug 22 14:05:12 jenkins NetworkManager[662]: <info>  [1629655512.5506] dhcp4 (enp0s3):   address 10.0.2.6
Aug 22 14:05:12 jenkins NetworkManager[662]: <info>  [1629655512.5506] dhcp4 (enp0s3):   plen 24 (255.255.255.0)
Aug 22 14:05:12 jenkins NetworkManager[662]: <info>  [1629655512.5506] dhcp4 (enp0s3):   gateway 10.0.2.1
Aug 22 14:05:12 jenkins NetworkManager[662]: <info>  [1629655512.5507] dhcp4 (enp0s3):   lease time 600
Aug 22 14:05:12 jenkins NetworkManager[662]: <info>  [1629655512.5507] dhcp4 (enp0s3):   nameserver '183.82.243.66'
Aug 22 14:05:12 jenkins NetworkManager[662]: <info>  [1629655512.5507] dhcp4 (enp0s3):   nameserver '49.205.72.130'
Aug 22 14:05:12 jenkins NetworkManager[662]: <info>  [1629655512.5507] dhcp4 (enp0s3): state changed bound -> bound
Aug 22 14:05:12 jenkins dbus[655]: [system] Activating via systemd: service name='org.freedesktop.nm_dispatcher' unit='dbus-org.freedesktop.nm-dispatcher.service'
Aug 22 14:05:12 jenkins systemd: Starting Network Manager Script Dispatcher Service...
Aug 22 14:05:12 jenkins dhclient[733]: bound to 10.0.2.6 -- renewal in 240 seconds.
Aug 22 14:05:12 jenkins dbus[655]: [system] Successfully activated service 'org.freedesktop.nm_dispatcher'
Aug 22 14:05:12 jenkins nm-dispatcher: req:1 'dhcp4-change' [enp0s3]: new request (3 scripts)
Aug 22 14:05:12 jenkins systemd: Started Network Manager Script Dispatcher Service.
Aug 22 14:05:12 jenkins nm-dispatcher: req:1 'dhcp4-change' [enp0s3]: start running ordered scripts...
Aug 22 14:05:16 jenkins grafana-server: t=2021-08-22T14:05:16-0400 lvl=warn msg="Request Origin is not authorized" logger=live origin=http://192.168.56.104:3000 appUrl=http://localhost:3000/ allowedOrigins=
Aug 22 14:05:16 jenkins grafana-server: t=2021-08-22T14:05:16-0400 lvl=info msg="Request Completed" logger=context userId=1 orgId=1 uname=admin method=GET path=/api/live/ws status=403 remote_addr=192.168.56.1 time_ms=1 size=10 referer=
Aug 22 14:05:29 jenkins grafana-server: t=2021-08-22T14:05:29-0400 lvl=warn msg="Request Origin is not authorized" logger=live origin=http://192.168.56.104:3000 appUrl=http://localhost:3000/ allowedOrigins=
Aug 22 14:05:29 jenkins grafana-server: t=2021-08-22T14:05:29-0400 lvl=info msg="Request Completed" logger=context userId=1 orgId=1 uname=admin method=GET path=/api/live/ws status=403 remote_addr=192.168.56.1 time_ms=914 size=10 referer=
Aug 22 14:05:43 jenkins grafana-server: t=2021-08-22T14:05:43-0400 lvl=warn msg="Request Origin is not authorized" logger=live origin=http://192.168.56.104:3000 appUrl=http://localhost:3000/ allowedOrigins=
Aug 22 14:05:43 jenkins grafana-server: t=2021-08-22T14:05:43-0400 lvl=info msg="Request Completed" logger=context userId=1 orgId=1 uname=admin method=GET path=/api/live/ws status=403 remote_addr=192.168.56.1 time_ms=2 size=10 referer=
Aug 22 14:06:01 jenkins grafana-server: t=2021-08-22T14:06:01-0400 lvl=warn msg="Request Origin is not authorized" logger=live origin=http://192.168.56.104:3000 appUrl=http://localhost:3000/ allowedOrigins=
Aug 22 14:06:01 jenkins grafana-server: t=2021-08-22T14:06:01-0400 lvl=info msg="Request Completed" logger=context userId=1 orgId=1 uname=admin method=GET path=/api/live/ws status=403 remote_addr=192.168.56.1 time_ms=1 size=10 referer=
Aug 22 14:06:15 jenkins grafana-server: t=2021-08-22T14:06:15-0400 lvl=warn msg="Request Origin is not authorized" logger=live origin=http://192.168.56.104:3000 appUrl=http://localhost:3000/ allowedOrigins=
Aug 22 14:06:15 jenkins grafana-server: t=2021-08-22T14:06:15-0400 lvl=info msg="Request Completed" logger=context userId=1 orgId=1 uname=admin method=GET path=/api/live/ws status=403 remote_addr=192.168.56.1 time_ms=1 size=10 referer=
Aug 22 14:06:30 jenkins dhclient[734]: DHCPREQUEST on enp0s8 to 192.168.56.100 port 67 (xid=0x2f6e9797)
Aug 22 14:06:31 jenkins grafana-server: t=2021-08-22T14:06:31-0400 lvl=warn msg="Request Origin is not authorized" logger=live origin=http://192.168.56.104:3000 appUrl=http://localhost:3000/ allowedOrigins=
Aug 22 14:06:31 jenkins dhclient[734]: DHCPACK from 192.168.56.100 (xid=0x2f6e9797)
Aug 22 14:06:31 jenkins NetworkManager[662]: <info>  [1629655591.1038] dhcp4 (enp0s8):   address 192.168.56.104
Aug 22 14:06:31 jenkins NetworkManager[662]: <info>  [1629655591.1039] dhcp4 (enp0s8):   plen 24 (255.255.255.0)
Aug 22 14:06:31 jenkins NetworkManager[662]: <info>  [1629655591.1039] dhcp4 (enp0s8):   lease time 600
Aug 22 14:06:31 jenkins NetworkManager[662]: <info>  [1629655591.1039] dhcp4 (enp0s8): state changed bound -> bound
Aug 22 14:06:31 jenkins grafana-server: t=2021-08-22T14:06:31-0400 lvl=info msg="Request Completed" logger=context userId=1 orgId=1 uname=admin method=GET path=/api/live/ws status=403 remote_addr=192.168.56.1 time_ms=104 size=10 referer=
Aug 22 14:06:31 jenkins dbus[655]: [system] Activating via systemd: service name='org.freedesktop.nm_dispatcher' unit='dbus-org.freedesktop.nm-dispatcher.service'
Aug 22 14:06:31 jenkins systemd: Starting Network Manager Script Dispatcher Service...
Aug 22 14:06:31 jenkins dhclient[734]: bound to 192.168.56.104 -- renewal in 286 seconds.
Aug 22 14:06:31 jenkins dbus[655]: [system] Successfully activated service 'org.freedesktop.nm_dispatcher'
Aug 22 14:06:31 jenkins nm-dispatcher: req:1 'dhcp4-change' [enp0s8]: new request (3 scripts)
Aug 22 14:06:31 jenkins systemd: Started Network Manager Script Dispatcher Service.
Aug 22 14:06:31 jenkins nm-dispatcher: req:1 'dhcp4-change' [enp0s8]: start running ordered scripts...
Aug 22 14:06:44 jenkins grafana-server: t=2021-08-22T14:06:44-0400 lvl=warn msg="Request Origin is not authorized" logger=live origin=http://192.168.56.104:3000 appUrl=http://localhost:3000/ allowedOrigins=
Aug 22 14:06:44 jenkins grafana-server: t=2021-08-22T14:06:44-0400 lvl=info msg="Request Completed" logger=context userId=1 orgId=1 uname=admin method=GET path=/api/live/ws status=403 remote_addr=192.168.56.1 time_ms=1 size=10 referer=
Aug 22 14:07:04 jenkins grafana-server: t=2021-08-22T14:07:04-0400 lvl=warn msg="Request Origin is not authorized" logger=live origin=http://192.168.56.104:3000 appUrl=http://localhost:3000/ allowedOrigins=
Aug 22 14:07:04 jenkins grafana-server: t=2021-08-22T14:07:04-0400 lvl=info msg="Request Completed" logger=context userId=1 orgId=1 uname=admin method=GET path=/api/live/ws status=403 remote_addr=192.168.56.1 time_ms=1 size=10 referer=
Aug 22 14:07:24 jenkins grafana-server: t=2021-08-22T14:07:24-0400 lvl=warn msg="Request Origin is not authorized" logger=live origin=http://192.168.56.104:3000 appUrl=http://localhost:3000/ allowedOrigins=
Aug 22 14:07:24 jenkins grafana-server: t=2021-08-22T14:07:24-0400 lvl=info msg="Request Completed" logger=context userId=1 orgId=1 uname=admin method=GET path=/api/live/ws status=403 remote_addr=192.168.56.1 time_ms=1 size=10 referer=
Aug 22 14:07:43 jenkins grafana-server: t=2021-08-22T14:07:43-0400 lvl=warn msg="Request Origin is not authorized" logger=live origin=http://192.168.56.104:3000 appUrl=http://localhost:3000/ allowedOrigins=
Aug 22 14:07:43 jenkins grafana-server: t=2021-08-22T14:07:43-0400 lvl=info msg="Request Completed" logger=context userId=1 orgId=1 uname=admin method=GET path=/api/live/ws status=403 remote_addr=192.168.56.1 time_ms=388 size=10 referer=
Aug 22 14:07:58 jenkins grafana-server: t=2021-08-22T14:07:58-0400 lvl=warn msg="Request Origin is not authorized" logger=live origin=http://192.168.56.104:3000 appUrl=http://localhost:3000/ allowedOrigins=
Aug 22 14:07:58 jenkins grafana-server: t=2021-08-22T14:07:58-0400 lvl=info msg="Request Completed" logger=context userId=1 orgId=1 uname=admin method=GET path=/api/live/ws status=403 remote_addr=192.168.56.1 time_ms=2 size=10 referer=
Aug 22 14:08:12 jenkins grafana-server: t=2021-08-22T14:08:12-0400 lvl=warn msg="Request Origin is not authorized" logger=live origin=http://192.168.56.104:3000 appUrl=http://localhost:3000/ allowedOrigins=
Aug 22 14:08:12 jenkins grafana-server: t=2021-08-22T14:08:12-0400 lvl=info msg="Request Completed" logger=context userId=1 orgId=1 uname=admin method=GET path=/api/live/ws status=403 remote_addr=192.168.56.1 time_ms=4 size=10 referer=
Aug 22 14:08:29 jenkins grafana-server: t=2021-08-22T14:08:29-0400 lvl=warn msg="Request Origin is not authorized" logger=live origin=http://192.168.56.104:3000 appUrl=http://localhost:3000/ allowedOrigins=
Aug 22 14:08:29 jenkins grafana-server: t=2021-08-22T14:08:29-0400 lvl=info msg="Request Completed" logger=context userId=1 orgId=1 uname=admin method=GET path=/api/live/ws status=403 remote_addr=192.168.56.1 time_ms=242 size=10 referer=
Aug 22 14:08:47 jenkins grafana-server: t=2021-08-22T14:08:47-0400 lvl=warn msg="Request Origin is not authorized" logger=live origin=http://192.168.56.104:3000 appUrl=http://localhost:3000/ allowedOrigins=
Aug 22 14:08:47 jenkins grafana-server: t=2021-08-22T14:08:47-0400 lvl=info msg="Request Completed" logger=context userId=1 orgId=1 uname=admin method=GET path=/api/live/ws status=403 remote_addr=192.168.56.1 time_ms=325 size=10 referer=
Aug 22 14:09:05 jenkins grafana-server: t=2021-08-22T14:09:05-0400 lvl=warn msg="Request Origin is not authorized" logger=live origin=http://192.168.56.104:3000 appUrl=http://localhost:3000/ allowedOrigins=
Aug 22 14:09:05 jenkins grafana-server: t=2021-08-22T14:09:05-0400 lvl=info msg="Request Completed" logger=context userId=1 orgId=1 uname=admin method=GET path=/api/live/ws status=403 remote_addr=192.168.56.1 time_ms=3 size=10 referer=
Aug 22 14:09:13 jenkins dhclient[733]: DHCPREQUEST on enp0s3 to 10.0.2.3 port 67 (xid=0x597e29e6)
Aug 22 14:09:13 jenkins dhclient[733]: DHCPACK from 10.0.2.3 (xid=0x597e29e6)
Aug 22 14:09:13 jenkins NetworkManager[662]: <info>  [1629655753.3687] dhcp4 (enp0s3):   address 10.0.2.6
Aug 22 14:09:13 jenkins NetworkManager[662]: <info>  [1629655753.3687] dhcp4 (enp0s3):   plen 24 (255.255.255.0)
Aug 22 14:09:13 jenkins NetworkManager[662]: <info>  [1629655753.3687] dhcp4 (enp0s3):   gateway 10.0.2.1
Aug 22 14:09:13 jenkins NetworkManager[662]: <info>  [1629655753.3688] dhcp4 (enp0s3):   lease time 600
Aug 22 14:09:13 jenkins NetworkManager[662]: <info>  [1629655753.3688] dhcp4 (enp0s3):   nameserver '183.82.243.66'
Aug 22 14:09:13 jenkins NetworkManager[662]: <info>  [1629655753.3689] dhcp4 (enp0s3):   nameserver '49.205.72.130'
Aug 22 14:09:13 jenkins NetworkManager[662]: <info>  [1629655753.3689] dhcp4 (enp0s3): state changed bound -> bound
Aug 22 14:09:13 jenkins dbus[655]: [system] Activating via systemd: service name='org.freedesktop.nm_dispatcher' unit='dbus-org.freedesktop.nm-dispatcher.service'
Aug 22 14:09:13 jenkins systemd: Starting Network Manager Script Dispatcher Service...
Aug 22 14:09:13 jenkins dhclient[733]: bound to 10.0.2.6 -- renewal in 252 seconds.
Aug 22 14:09:13 jenkins dbus[655]: [system] Successfully activated service 'org.freedesktop.nm_dispatcher'
