Aug 23 03:43:16 jenkins grafana-server: t=2021-08-23T03:43:16-0400 lvl=info msg="Request Completed" logger=context userId=1 orgId=1 uname=admin method=GET path=/api/live/ws status=403 remote_addr=192.168.56.1 time_ms=3 size=10 referer=
Aug 23 03:43:22 jenkins dhclient[724]: DHCPREQUEST on enp0s3 to 10.0.2.3 port 67 (xid=0x1d4fdd6e)
Aug 23 03:43:22 jenkins dhclient[724]: DHCPACK from 10.0.2.3 (xid=0x1d4fdd6e)
Aug 23 03:43:22 jenkins NetworkManager[674]: <info>  [1629704602.1389] dhcp4 (enp0s3):   address 10.0.2.6
Aug 23 03:43:22 jenkins NetworkManager[674]: <info>  [1629704602.1389] dhcp4 (enp0s3):   plen 24 (255.255.255.0)
Aug 23 03:43:22 jenkins NetworkManager[674]: <info>  [1629704602.1389] dhcp4 (enp0s3):   gateway 10.0.2.1
Aug 23 03:43:22 jenkins NetworkManager[674]: <info>  [1629704602.1390] dhcp4 (enp0s3):   lease time 600
Aug 23 03:43:22 jenkins NetworkManager[674]: <info>  [1629704602.1391] dhcp4 (enp0s3):   nameserver '183.82.243.66'
Aug 23 03:43:22 jenkins NetworkManager[674]: <info>  [1629704602.1391] dhcp4 (enp0s3):   nameserver '49.205.72.130'
Aug 23 03:43:22 jenkins NetworkManager[674]: <info>  [1629704602.1392] dhcp4 (enp0s3): state changed bound -> bound
Aug 23 03:43:22 jenkins dbus[661]: [system] Activating via systemd: service name='org.freedesktop.nm_dispatcher' unit='dbus-org.freedesktop.nm-dispatcher.service'
Aug 23 03:43:22 jenkins systemd: Starting Network Manager Script Dispatcher Service...
Aug 23 03:43:22 jenkins dhclient[724]: bound to 10.0.2.6 -- renewal in 242 seconds.
Aug 23 03:43:22 jenkins dbus[661]: [system] Successfully activated service 'org.freedesktop.nm_dispatcher'
Aug 23 03:43:22 jenkins nm-dispatcher: req:1 'dhcp4-change' [enp0s3]: new request (3 scripts)
Aug 23 03:43:22 jenkins systemd: Started Network Manager Script Dispatcher Service.
Aug 23 03:43:22 jenkins nm-dispatcher: req:1 'dhcp4-change' [enp0s3]: start running ordered scripts...
Aug 23 03:43:33 jenkins grafana-server: t=2021-08-23T03:43:33-0400 lvl=warn msg="Request Origin is not authorized" logger=live origin=http://192.168.56.104:3000 appUrl=http://localhost:3000/ allowedOrigins=
Aug 23 03:43:33 jenkins grafana-server: t=2021-08-23T03:43:33-0400 lvl=info msg="Request Completed" logger=context userId=1 orgId=1 uname=admin method=GET path=/api/live/ws status=403 remote_addr=192.168.56.1 time_ms=1 size=10 referer=
Aug 23 03:43:46 jenkins grafana-server: t=2021-08-23T03:43:46-0400 lvl=warn msg="Request Origin is not authorized" logger=live origin=http://192.168.56.104:3000 appUrl=http://localhost:3000/ allowedOrigins=
Aug 23 03:43:46 jenkins grafana-server: t=2021-08-23T03:43:46-0400 lvl=info msg="Request Completed" logger=context userId=1 orgId=1 uname=admin method=GET path=/api/live/ws status=403 remote_addr=192.168.56.1 time_ms=1 size=10 referer=
Aug 23 03:43:58 jenkins grafana-server: t=2021-08-23T03:43:58-0400 lvl=warn msg="Request Origin is not authorized" logger=live origin=http://192.168.56.104:3000 appUrl=http://localhost:3000/ allowedOrigins=
Aug 23 03:43:58 jenkins grafana-server: t=2021-08-23T03:43:58-0400 lvl=info msg="Request Completed" logger=context userId=1 orgId=1 uname=admin method=GET path=/api/live/ws status=403 remote_addr=192.168.56.1 time_ms=1 size=10 referer=
Aug 23 03:44:10 jenkins grafana-server: t=2021-08-23T03:44:10-0400 lvl=warn msg="Request Origin is not authorized" logger=live origin=http://192.168.56.104:3000 appUrl=http://localhost:3000/ allowedOrigins=
Aug 23 03:44:10 jenkins grafana-server: t=2021-08-23T03:44:10-0400 lvl=info msg="Request Completed" logger=context userId=1 orgId=1 uname=admin method=GET path=/api/live/ws status=403 remote_addr=192.168.56.1 time_ms=24 size=10 referer=
Aug 23 03:44:21 jenkins grafana-server: t=2021-08-23T03:44:21-0400 lvl=warn msg="Request Origin is not authorized" logger=live origin=http://192.168.56.104:3000 appUrl=http://localhost:3000/ allowedOrigins=
Aug 23 03:44:21 jenkins grafana-server: t=2021-08-23T03:44:21-0400 lvl=info msg="Request Completed" logger=context userId=1 orgId=1 uname=admin method=GET path=/api/live/ws status=403 remote_addr=192.168.56.1 time_ms=1 size=10 referer=
Aug 23 03:44:32 jenkins grafana-server: t=2021-08-23T03:44:32-0400 lvl=warn msg="Request Origin is not authorized" logger=live origin=http://192.168.56.104:3000 appUrl=http://localhost:3000/ allowedOrigins=
Aug 23 03:44:32 jenkins grafana-server: t=2021-08-23T03:44:32-0400 lvl=info msg="Request Completed" logger=context userId=1 orgId=1 uname=admin method=GET path=/api/live/ws status=403 remote_addr=192.168.56.1 time_ms=17 size=10 referer=
Aug 23 03:44:44 jenkins grafana-server: t=2021-08-23T03:44:44-0400 lvl=warn msg="Request Origin is not authorized" logger=live origin=http://192.168.56.104:3000 appUrl=http://localhost:3000/ allowedOrigins=
Aug 23 03:44:44 jenkins grafana-server: t=2021-08-23T03:44:44-0400 lvl=info msg="Request Completed" logger=context userId=1 orgId=1 uname=admin method=GET path=/api/live/ws status=403 remote_addr=192.168.56.1 time_ms=1 size=10 referer=
Aug 23 03:44:54 jenkins grafana-server: t=2021-08-23T03:44:54-0400 lvl=warn msg="Request Origin is not authorized" logger=live origin=http://192.168.56.104:3000 appUrl=http://localhost:3000/ allowedOrigins=
Aug 23 03:44:54 jenkins grafana-server: t=2021-08-23T03:44:54-0400 lvl=info msg="Request Completed" logger=context userId=1 orgId=1 uname=admin method=GET path=/api/live/ws status=403 remote_addr=192.168.56.1 time_ms=2 size=10 referer=
Aug 23 03:45:07 jenkins grafana-server: t=2021-08-23T03:45:07-0400 lvl=warn msg="Request Origin is not authorized" logger=live origin=http://192.168.56.104:3000 appUrl=http://localhost:3000/ allowedOrigins=
Aug 23 03:45:07 jenkins grafana-server: t=2021-08-23T03:45:07-0400 lvl=info msg="Request Completed" logger=context userId=1 orgId=1 uname=admin method=GET path=/api/live/ws status=403 remote_addr=192.168.56.1 time_ms=0 size=10 referer=
Aug 23 03:45:25 jenkins grafana-server: t=2021-08-23T03:45:25-0400 lvl=warn msg="Request Origin is not authorized" logger=live origin=http://192.168.56.104:3000 appUrl=http://localhost:3000/ allowedOrigins=
Aug 23 03:45:25 jenkins grafana-server: t=2021-08-23T03:45:25-0400 lvl=info msg="Request Completed" logger=context userId=1 orgId=1 uname=admin method=GET path=/api/live/ws status=403 remote_addr=192.168.56.1 time_ms=38 size=10 referer=
Aug 23 03:45:35 jenkins dhclient[725]: DHCPREQUEST on enp0s8 to 192.168.56.100 port 67 (xid=0x32c78398)
Aug 23 03:45:35 jenkins grafana-server: t=2021-08-23T03:45:35-0400 lvl=warn msg="Request Origin is not authorized" logger=live origin=http://192.168.56.104:3000 appUrl=http://localhost:3000/ allowedOrigins=
Aug 23 03:45:35 jenkins grafana-server: t=2021-08-23T03:45:35-0400 lvl=info msg="Request Completed" logger=context userId=1 orgId=1 uname=admin method=GET path=/api/live/ws status=403 remote_addr=192.168.56.1 time_ms=1 size=10 referer=
Aug 23 03:45:35 jenkins dhclient[725]: DHCPACK from 192.168.56.100 (xid=0x32c78398)
Aug 23 03:45:35 jenkins NetworkManager[674]: <info>  [1629704735.8945] dhcp4 (enp0s8):   address 192.168.56.104
Aug 23 03:45:35 jenkins NetworkManager[674]: <info>  [1629704735.8946] dhcp4 (enp0s8):   plen 24 (255.255.255.0)
Aug 23 03:45:35 jenkins NetworkManager[674]: <info>  [1629704735.8946] dhcp4 (enp0s8):   lease time 600
Aug 23 03:45:35 jenkins NetworkManager[674]: <info>  [1629704735.8946] dhcp4 (enp0s8): state changed bound -> bound
Aug 23 03:45:35 jenkins dbus[661]: [system] Activating via systemd: service name='org.freedesktop.nm_dispatcher' unit='dbus-org.freedesktop.nm-dispatcher.service'
Aug 23 03:45:35 jenkins systemd: Starting Network Manager Script Dispatcher Service...
Aug 23 03:45:35 jenkins dhclient[725]: bound to 192.168.56.104 -- renewal in 251 seconds.
Aug 23 03:45:35 jenkins dbus[661]: [system] Successfully activated service 'org.freedesktop.nm_dispatcher'
Aug 23 03:45:35 jenkins nm-dispatcher: req:1 'dhcp4-change' [enp0s8]: new request (3 scripts)
Aug 23 03:45:35 jenkins systemd: Started Network Manager Script Dispatcher Service.
Aug 23 03:45:35 jenkins nm-dispatcher: req:1 'dhcp4-change' [enp0s8]: start running ordered scripts...
Aug 23 03:45:53 jenkins grafana-server: t=2021-08-23T03:45:53-0400 lvl=warn msg="Request Origin is not authorized" logger=live origin=http://192.168.56.104:3000 appUrl=http://localhost:3000/ allowedOrigins=
Aug 23 03:45:53 jenkins grafana-server: t=2021-08-23T03:45:53-0400 lvl=info msg="Request Completed" logger=context userId=1 orgId=1 uname=admin method=GET path=/api/live/ws status=403 remote_addr=192.168.56.1 time_ms=4 size=10 referer=
Aug 23 03:46:03 jenkins grafana-server: t=2021-08-23T03:46:03-0400 lvl=warn msg="Request Origin is not authorized" logger=live origin=http://192.168.56.104:3000 appUrl=http://localhost:3000/ allowedOrigins=
Aug 23 03:46:03 jenkins grafana-server: t=2021-08-23T03:46:03-0400 lvl=info msg="Request Completed" logger=context userId=1 orgId=1 uname=admin method=GET path=/api/live/ws status=403 remote_addr=192.168.56.1 time_ms=1 size=10 referer=
Aug 23 03:46:19 jenkins grafana-server: t=2021-08-23T03:46:19-0400 lvl=warn msg="Request Origin is not authorized" logger=live origin=http://192.168.56.104:3000 appUrl=http://localhost:3000/ allowedOrigins=
Aug 23 03:46:19 jenkins grafana-server: t=2021-08-23T03:46:19-0400 lvl=info msg="Request Completed" logger=context userId=1 orgId=1 uname=admin method=GET path=/api/live/ws status=403 remote_addr=192.168.56.1 time_ms=1 size=10 referer=
Aug 23 03:46:35 jenkins grafana-server: t=2021-08-23T03:46:35-0400 lvl=warn msg="Request Origin is not authorized" logger=live origin=http://192.168.56.104:3000 appUrl=http://localhost:3000/ allowedOrigins=
Aug 23 03:46:35 jenkins grafana-server: t=2021-08-23T03:46:35-0400 lvl=info msg="Request Completed" logger=context userId=1 orgId=1 uname=admin method=GET path=/api/live/ws status=403 remote_addr=192.168.56.1 time_ms=22 size=10 referer=
Aug 23 03:46:52 jenkins grafana-server: t=2021-08-23T03:46:52-0400 lvl=warn msg="Request Origin is not authorized" logger=live origin=http://192.168.56.104:3000 appUrl=http://localhost:3000/ allowedOrigins=
Aug 23 03:46:52 jenkins grafana-server: t=2021-08-23T03:46:52-0400 lvl=info msg="Request Completed" logger=context userId=1 orgId=1 uname=admin method=GET path=/api/live/ws status=403 remote_addr=192.168.56.1 time_ms=1 size=10 referer=
Aug 23 03:47:04 jenkins grafana-server: t=2021-08-23T03:47:04-0400 lvl=warn msg="Request Origin is not authorized" logger=live origin=http://192.168.56.104:3000 appUrl=http://localhost:3000/ allowedOrigins=
Aug 23 03:47:04 jenkins grafana-server: t=2021-08-23T03:47:04-0400 lvl=info msg="Request Completed" logger=context userId=1 orgId=1 uname=admin method=GET path=/api/live/ws status=403 remote_addr=192.168.56.1 time_ms=2 size=10 referer=
Aug 23 03:47:23 jenkins grafana-server: t=2021-08-23T03:47:23-0400 lvl=warn msg="Request Origin is not authorized" logger=live origin=http://192.168.56.104:3000 appUrl=http://localhost:3000/ allowedOrigins=
Aug 23 03:47:23 jenkins grafana-server: t=2021-08-23T03:47:23-0400 lvl=info msg="Request Completed" logger=context userId=1 orgId=1 uname=admin method=GET path=/api/live/ws status=403 remote_addr=192.168.56.1 time_ms=2 size=10 referer=
Aug 23 03:47:24 jenkins dhclient[724]: DHCPREQUEST on enp0s3 to 10.0.2.3 port 67 (xid=0x1d4fdd6e)
Aug 23 03:47:24 jenkins dhclient[724]: DHCPACK from 10.0.2.3 (xid=0x1d4fdd6e)
Aug 23 03:47:24 jenkins NetworkManager[674]: <info>  [1629704844.4533] dhcp4 (enp0s3):   address 10.0.2.6
Aug 23 03:47:24 jenkins NetworkManager[674]: <info>  [1629704844.4534] dhcp4 (enp0s3):   plen 24 (255.255.255.0)
Aug 23 03:47:24 jenkins NetworkManager[674]: <info>  [1629704844.4535] dhcp4 (enp0s3):   gateway 10.0.2.1
Aug 23 03:47:24 jenkins NetworkManager[674]: <info>  [1629704844.4535] dhcp4 (enp0s3):   lease time 600
Aug 23 03:47:24 jenkins NetworkManager[674]: <info>  [1629704844.4535] dhcp4 (enp0s3):   nameserver '183.82.243.66'
Aug 23 03:47:24 jenkins NetworkManager[674]: <info>  [1629704844.4536] dhcp4 (enp0s3):   nameserver '49.205.72.130'
Aug 23 03:47:24 jenkins NetworkManager[674]: <info>  [1629704844.4536] dhcp4 (enp0s3): state changed bound -> bound
Aug 23 03:47:24 jenkins dbus[661]: [system] Activating via systemd: service name='org.freedesktop.nm_dispatcher' unit='dbus-org.freedesktop.nm-dispatcher.service'
Aug 23 03:47:24 jenkins systemd: Starting Network Manager Script Dispatcher Service...
Aug 23 03:47:24 jenkins dhclient[724]: bound to 10.0.2.6 -- renewal in 284 seconds.
Aug 23 03:47:24 jenkins dbus[661]: [system] Successfully activated service 'org.freedesktop.nm_dispatcher'
Aug 23 03:47:24 jenkins nm-dispatcher: req:1 'dhcp4-change' [enp0s3]: new request (3 scripts)
Aug 23 03:47:24 jenkins systemd: Started Network Manager Script Dispatcher Service.
Aug 23 03:47:24 jenkins nm-dispatcher: req:1 'dhcp4-change' [enp0s3]: start running ordered scripts...
Aug 23 03:47:39 jenkins grafana-server: t=2021-08-23T03:47:39-0400 lvl=warn msg="Request Origin is not authorized" logger=live origin=http://192.168.56.104:3000 appUrl=http://localhost:3000/ allowedOrigins=
Aug 23 03:47:39 jenkins grafana-server: t=2021-08-23T03:47:39-0400 lvl=info msg="Request Completed" logger=context userId=1 orgId=1 uname=admin method=GET path=/api/live/ws status=403 remote_addr=192.168.56.1 time_ms=21 size=10 referer=
Aug 23 03:47:50 jenkins grafana-server: t=2021-08-23T03:47:50-0400 lvl=warn msg="Request Origin is not authorized" logger=live origin=http://192.168.56.104:3000 appUrl=http://localhost:3000/ allowedOrigins=
Aug 23 03:47:50 jenkins grafana-server: t=2021-08-23T03:47:50-0400 lvl=info msg="Request Completed" logger=context userId=1 orgId=1 uname=admin method=GET path=/api/live/ws status=403 remote_addr=192.168.56.1 time_ms=2 size=10 referer=
Aug 23 03:48:09 jenkins grafana-server: t=2021-08-23T03:48:09-0400 lvl=warn msg="Request Origin is not authorized" logger=live origin=http://192.168.56.104:3000 appUrl=http://localhost:3000/ allowedOrigins=
Aug 23 03:48:09 jenkins grafana-server: t=2021-08-23T03:48:09-0400 lvl=info msg="Request Completed" logger=context userId=1 orgId=1 uname=admin method=GET path=/api/live/ws status=403 remote_addr=192.168.56.1 time_ms=1 size=10 referer=
Aug 23 03:48:21 jenkins grafana-server: t=2021-08-23T03:48:21-0400 lvl=warn msg="Request Origin is not authorized" logger=live origin=http://192.168.56.104:3000 appUrl=http://localhost:3000/ allowedOrigins=
Aug 23 03:48:21 jenkins grafana-server: t=2021-08-23T03:48:21-0400 lvl=info msg="Request Completed" logger=context userId=1 orgId=1 uname=admin method=GET path=/api/live/ws status=403 remote_addr=192.168.56.1 time_ms=1 size=10 referer=
Aug 23 03:48:41 jenkins grafana-server: t=2021-08-23T03:48:41-0400 lvl=warn msg="Request Origin is not authorized" logger=live origin=http://192.168.56.104:3000 appUrl=http://localhost:3000/ allowedOrigins=
Aug 23 03:48:41 jenkins grafana-server: t=2021-08-23T03:48:41-0400 lvl=info msg="Request Completed" logger=context userId=1 orgId=1 uname=admin method=GET path=/api/live/ws status=403 remote_addr=192.168.56.1 time_ms=24 size=10 referer=
Aug 23 03:48:58 jenkins grafana-server: t=2021-08-23T03:48:58-0400 lvl=warn msg="Request Origin is not authorized" logger=live origin=http://192.168.56.104:3000 appUrl=http://localhost:3000/ allowedOrigins=
Aug 23 03:48:58 jenkins grafana-server: t=2021-08-23T03:48:58-0400 lvl=info msg="Request Completed" logger=context userId=1 orgId=1 uname=admin method=GET path=/api/live/ws status=403 remote_addr=192.168.56.1 time_ms=2 size=10 referer=
Aug 23 03:49:17 jenkins grafana-server: t=2021-08-23T03:49:17-0400 lvl=warn msg="Request Origin is not authorized" logger=live origin=http://192.168.56.104:3000 appUrl=http://localhost:3000/ allowedOrigins=
Aug 23 03:49:17 jenkins grafana-server: t=2021-08-23T03:49:17-0400 lvl=info msg="Request Completed" logger=context userId=1 orgId=1 uname=admin method=GET path=/api/live/ws status=403 remote_addr=192.168.56.1 time_ms=3 size=10 referer=
Aug 23 03:49:30 jenkins grafana-server: t=2021-08-23T03:49:30-0400 lvl=warn msg="Request Origin is not authorized" logger=live origin=http://192.168.56.104:3000 appUrl=http://localhost:3000/ allowedOrigins=
Aug 23 03:49:30 jenkins grafana-server: t=2021-08-23T03:49:30-0400 lvl=info msg="Request Completed" logger=context userId=1 orgId=1 uname=admin method=GET path=/api/live/ws status=403 remote_addr=192.168.56.1 time_ms=1 size=10 referer=
Aug 23 03:49:47 jenkins dhclient[725]: DHCPREQUEST on enp0s8 to 192.168.56.100 port 67 (xid=0x32c78398)
Aug 23 03:49:47 jenkins dhclient[725]: DHCPACK from 192.168.56.100 (xid=0x32c78398)
Aug 23 03:49:47 jenkins NetworkManager[674]: <info>  [1629704987.1432] dhcp4 (enp0s8):   address 192.168.56.104
Aug 23 03:49:47 jenkins NetworkManager[674]: <info>  [1629704987.1432] dhcp4 (enp0s8):   plen 24 (255.255.255.0)
Aug 23 03:49:47 jenkins NetworkManager[674]: <info>  [1629704987.1432] dhcp4 (enp0s8):   lease time 600
Aug 23 03:49:47 jenkins NetworkManager[674]: <info>  [1629704987.1433] dhcp4 (enp0s8): state changed bound -> bound
Aug 23 03:49:47 jenkins dbus[661]: [system] Activating via systemd: service name='org.freedesktop.nm_dispatcher' unit='dbus-org.freedesktop.nm-dispatcher.service'
Aug 23 03:49:47 jenkins systemd: Starting Network Manager Script Dispatcher Service...
Aug 23 03:49:47 jenkins dhclient[725]: bound to 192.168.56.104 -- renewal in 250 seconds.
Aug 23 03:49:47 jenkins dbus[661]: [system] Successfully activated service 'org.freedesktop.nm_dispatcher'
Aug 23 03:49:47 jenkins nm-dispatcher: req:1 'dhcp4-change' [enp0s8]: new request (3 scripts)
Aug 23 03:49:47 jenkins systemd: Started Network Manager Script Dispatcher Service.
Aug 23 03:49:47 jenkins nm-dispatcher: req:1 'dhcp4-change' [enp0s8]: start running ordered scripts...
Aug 23 03:49:47 jenkins grafana-server: t=2021-08-23T03:49:47-0400 lvl=warn msg="Request Origin is not authorized" logger=live origin=http://192.168.56.104:3000 appUrl=http://localhost:3000/ allowedOrigins=
Aug 23 03:49:47 jenkins grafana-server: t=2021-08-23T03:49:47-0400 lvl=info msg="Request Completed" logger=context userId=1 orgId=1 uname=admin method=GET path=/api/live/ws status=403 remote_addr=192.168.56.1 time_ms=28 size=10 referer=
Aug 23 03:50:03 jenkins grafana-server: t=2021-08-23T03:50:03-0400 lvl=warn msg="Request Origin is not authorized" logger=live origin=http://192.168.56.104:3000 appUrl=http://localhost:3000/ allowedOrigins=
Aug 23 03:50:03 jenkins grafana-server: t=2021-08-23T03:50:03-0400 lvl=info msg="Request Completed" logger=context userId=1 orgId=1 uname=admin method=GET path=/api/live/ws status=403 remote_addr=192.168.56.1 time_ms=2 size=10 referer=
Aug 23 03:50:14 jenkins grafana-server: t=2021-08-23T03:50:14-0400 lvl=warn msg="Request Origin is not authorized" logger=live origin=http://192.168.56.104:3000 appUrl=http://localhost:3000/ allowedOrigins=
Aug 23 03:50:14 jenkins grafana-server: t=2021-08-23T03:50:14-0400 lvl=info msg="Request Completed" logger=context userId=1 orgId=1 uname=admin method=GET path=/api/live/ws status=403 remote_addr=192.168.56.1 time_ms=1 size=10 referer=
Aug 23 03:50:29 jenkins grafana-server: t=2021-08-23T03:50:29-0400 lvl=warn msg="Request Origin is not authorized" logger=live origin=http://192.168.56.104:3000 appUrl=http://localhost:3000/ allowedOrigins=
Aug 23 03:50:29 jenkins grafana-server: t=2021-08-23T03:50:29-0400 lvl=info msg="Request Completed" logger=context userId=1 orgId=1 uname=admin method=GET path=/api/live/ws status=403 remote_addr=192.168.56.1 time_ms=2 size=10 referer=
Aug 23 03:50:40 jenkins grafana-server: t=2021-08-23T03:50:40-0400 lvl=warn msg="Request Origin is not authorized" logger=live origin=http://192.168.56.104:3000 appUrl=http://localhost:3000/ allowedOrigins=
Aug 23 03:50:40 jenkins grafana-server: t=2021-08-23T03:50:40-0400 lvl=info msg="Request Completed" logger=context userId=1 orgId=1 uname=admin method=GET path=/api/live/ws status=403 remote_addr=192.168.56.1 time_ms=1 size=10 referer=
Aug 23 03:50:58 jenkins grafana-server: t=2021-08-23T03:50:58-0400 lvl=warn msg="Request Origin is not authorized" logger=live origin=http://192.168.56.104:3000 appUrl=http://localhost:3000/ allowedOrigins=
Aug 23 03:50:58 jenkins grafana-server: t=2021-08-23T03:50:58-0400 lvl=info msg="Request Completed" logger=context userId=1 orgId=1 uname=admin method=GET path=/api/live/ws status=403 remote_addr=192.168.56.1 time_ms=19 size=10 referer=
Aug 23 03:51:08 jenkins grafana-server: t=2021-08-23T03:51:08-0400 lvl=warn msg="Request Origin is not authorized" logger=live origin=http://192.168.56.104:3000 appUrl=http://localhost:3000/ allowedOrigins=
Aug 23 03:51:08 jenkins grafana-server: t=2021-08-23T03:51:08-0400 lvl=info msg="Request Completed" logger=context userId=1 orgId=1 uname=admin method=GET path=/api/live/ws status=403 remote_addr=192.168.56.1 time_ms=1 size=10 referer=
Aug 23 03:51:24 jenkins grafana-server: t=2021-08-23T03:51:24-0400 lvl=warn msg="Request Origin is not authorized" logger=live origin=http://192.168.56.104:3000 appUrl=http://localhost:3000/ allowedOrigins=
Aug 23 03:51:24 jenkins grafana-server: t=2021-08-23T03:51:24-0400 lvl=info msg="Request Completed" logger=context userId=1 orgId=1 uname=admin method=GET path=/api/live/ws status=403 remote_addr=192.168.56.1 time_ms=1 size=10 referer=
Aug 23 03:51:38 jenkins grafana-server: t=2021-08-23T03:51:38-0400 lvl=warn msg="Request Origin is not authorized" logger=live origin=http://192.168.56.104:3000 appUrl=http://localhost:3000/ allowedOrigins=
Aug 23 03:51:38 jenkins grafana-server: t=2021-08-23T03:51:38-0400 lvl=info msg="Request Completed" logger=context userId=1 orgId=1 uname=admin method=GET path=/api/live/ws status=403 remote_addr=192.168.56.1 time_ms=1 size=10 referer=
Aug 23 03:51:58 jenkins grafana-server: t=2021-08-23T03:51:58-0400 lvl=warn msg="Request Origin is not authorized" logger=live origin=http://192.168.56.104:3000 appUrl=http://localhost:3000/ allowedOrigins=
Aug 23 03:51:58 jenkins grafana-server: t=2021-08-23T03:51:58-0400 lvl=info msg="Request Completed" logger=context userId=1 orgId=1 uname=admin method=GET path=/api/live/ws status=403 remote_addr=192.168.56.1 time_ms=20 size=10 referer=
Aug 23 03:52:08 jenkins dhclient[724]: DHCPREQUEST on enp0s3 to 10.0.2.3 port 67 (xid=0x1d4fdd6e)
Aug 23 03:52:08 jenkins dhclient[724]: DHCPACK from 10.0.2.3 (xid=0x1d4fdd6e)
Aug 23 03:52:08 jenkins NetworkManager[674]: <info>  [1629705128.9148] dhcp4 (enp0s3):   address 10.0.2.6
Aug 23 03:52:08 jenkins NetworkManager[674]: <info>  [1629705128.9148] dhcp4 (enp0s3):   plen 24 (255.255.255.0)
Aug 23 03:52:08 jenkins NetworkManager[674]: <info>  [1629705128.9148] dhcp4 (enp0s3):   gateway 10.0.2.1
Aug 23 03:52:08 jenkins NetworkManager[674]: <info>  [1629705128.9149] dhcp4 (enp0s3):   lease time 600
Aug 23 03:52:08 jenkins NetworkManager[674]: <info>  [1629705128.9149] dhcp4 (enp0s3):   nameserver '183.82.243.66'
Aug 23 03:52:08 jenkins NetworkManager[674]: <info>  [1629705128.9149] dhcp4 (enp0s3):   nameserver '49.205.72.130'
Aug 23 03:52:08 jenkins NetworkManager[674]: <info>  [1629705128.9150] dhcp4 (enp0s3): state changed bound -> bound
Aug 23 03:52:08 jenkins dbus[661]: [system] Activating via systemd: service name='org.freedesktop.nm_dispatcher' unit='dbus-org.freedesktop.nm-dispatcher.service'
Aug 23 03:52:08 jenkins systemd: Starting Network Manager Script Dispatcher Service...
Aug 23 03:52:08 jenkins dhclient[724]: bound to 10.0.2.6 -- renewal in 278 seconds.
Aug 23 03:52:08 jenkins dbus[661]: [system] Successfully activated service 'org.freedesktop.nm_dispatcher'
Aug 23 03:52:08 jenkins nm-dispatcher: req:1 'dhcp4-change' [enp0s3]: new request (3 scripts)
Aug 23 03:52:08 jenkins systemd: Started Network Manager Script Dispatcher Service.
Aug 23 03:52:08 jenkins nm-dispatcher: req:1 'dhcp4-change' [enp0s3]: start running ordered scripts...
Aug 23 03:52:12 jenkins grafana-server: t=2021-08-23T03:52:12-0400 lvl=warn msg="Request Origin is not authorized" logger=live origin=http://192.168.56.104:3000 appUrl=http://localhost:3000/ allowedOrigins=
Aug 23 03:52:12 jenkins grafana-server: t=2021-08-23T03:52:12-0400 lvl=info msg="Request Completed" logger=context userId=1 orgId=1 uname=admin method=GET path=/api/live/ws status=403 remote_addr=192.168.56.1 time_ms=1 size=10 referer=
Aug 23 03:52:28 jenkins grafana-server: t=2021-08-23T03:52:28-0400 lvl=warn msg="Request Origin is not authorized" logger=live origin=http://192.168.56.104:3000 appUrl=http://localhost:3000/ allowedOrigins=
Aug 23 03:52:28 jenkins grafana-server: t=2021-08-23T03:52:28-0400 lvl=info msg="Request Completed" logger=context userId=1 orgId=1 uname=admin method=GET path=/api/live/ws status=403 remote_addr=192.168.56.1 time_ms=1 size=10 referer=
Aug 23 03:52:44 jenkins grafana-server: t=2021-08-23T03:52:44-0400 lvl=warn msg="Request Origin is not authorized" logger=live origin=http://192.168.56.104:3000 appUrl=http://localhost:3000/ allowedOrigins=
Aug 23 03:52:44 jenkins grafana-server: t=2021-08-23T03:52:44-0400 lvl=info msg="Request Completed" logger=context userId=1 orgId=1 uname=admin method=GET path=/api/live/ws status=403 remote_addr=192.168.56.1 time_ms=2 size=10 referer=
Aug 23 03:53:03 jenkins grafana-server: t=2021-08-23T03:53:03-0400 lvl=warn msg="Request Origin is not authorized" logger=live origin=http://192.168.56.104:3000 appUrl=http://localhost:3000/ allowedOrigins=
Aug 23 03:53:03 jenkins grafana-server: t=2021-08-23T03:53:03-0400 lvl=info msg="Request Completed" logger=context userId=1 orgId=1 uname=admin method=GET path=/api/live/ws status=403 remote_addr=192.168.56.1 time_ms=23 size=10 referer=
Aug 23 03:53:23 jenkins grafana-server: t=2021-08-23T03:53:23-0400 lvl=warn msg="Request Origin is not authorized" logger=live origin=http://192.168.56.104:3000 appUrl=http://localhost:3000/ allowedOrigins=
Aug 23 03:53:23 jenkins grafana-server: t=2021-08-23T03:53:23-0400 lvl=info msg="Request Completed" logger=context userId=1 orgId=1 uname=admin method=GET path=/api/live/ws status=403 remote_addr=192.168.56.1 time_ms=3 size=10 referer=
Aug 23 03:53:36 jenkins grafana-server: t=2021-08-23T03:53:36-0400 lvl=warn msg="Request Origin is not authorized" logger=live origin=http://192.168.56.104:3000 appUrl=http://localhost:3000/ allowedOrigins=
Aug 23 03:53:36 jenkins grafana-server: t=2021-08-23T03:53:36-0400 lvl=info msg="Request Completed" logger=context userId=1 orgId=1 uname=admin method=GET path=/api/live/ws status=403 remote_addr=192.168.56.1 time_ms=0 size=10 referer=
Aug 23 03:53:51 jenkins grafana-server: t=2021-08-23T03:53:51-0400 lvl=warn msg="Request Origin is not authorized" logger=live origin=http://192.168.56.104:3000 appUrl=http://localhost:3000/ allowedOrigins=
Aug 23 03:53:51 jenkins grafana-server: t=2021-08-23T03:53:51-0400 lvl=info msg="Request Completed" logger=context userId=1 orgId=1 uname=admin method=GET path=/api/live/ws status=403 remote_addr=192.168.56.1 time_ms=1 size=10 referer=
Aug 23 03:53:57 jenkins dhclient[725]: DHCPREQUEST on enp0s8 to 192.168.56.100 port 67 (xid=0x32c78398)
Aug 23 03:53:57 jenkins dhclient[725]: DHCPACK from 192.168.56.100 (xid=0x32c78398)
Aug 23 03:53:57 jenkins NetworkManager[674]: <info>  [1629705237.8487] dhcp4 (enp0s8):   address 192.168.56.104
Aug 23 03:53:57 jenkins NetworkManager[674]: <info>  [1629705237.8487] dhcp4 (enp0s8):   plen 24 (255.255.255.0)
Aug 23 03:53:57 jenkins NetworkManager[674]: <info>  [1629705237.8487] dhcp4 (enp0s8):   lease time 600
Aug 23 03:53:57 jenkins NetworkManager[674]: <info>  [1629705237.8487] dhcp4 (enp0s8): state changed bound -> bound
Aug 23 03:53:57 jenkins dbus[661]: [system] Activating via systemd: service name='org.freedesktop.nm_dispatcher' unit='dbus-org.freedesktop.nm-dispatcher.service'
Aug 23 03:53:57 jenkins systemd: Starting Network Manager Script Dispatcher Service...
Aug 23 03:53:57 jenkins dhclient[725]: bound to 192.168.56.104 -- renewal in 270 seconds.
Aug 23 03:53:57 jenkins dbus[661]: [system] Successfully activated service 'org.freedesktop.nm_dispatcher'
Aug 23 03:53:57 jenkins nm-dispatcher: req:1 'dhcp4-change' [enp0s8]: new request (3 scripts)
Aug 23 03:53:57 jenkins systemd: Started Network Manager Script Dispatcher Service.
Aug 23 03:53:57 jenkins nm-dispatcher: req:1 'dhcp4-change' [enp0s8]: start running ordered scripts...
Aug 23 03:54:10 jenkins grafana-server: t=2021-08-23T03:54:10-0400 lvl=warn msg="Request Origin is not authorized" logger=live origin=http://192.168.56.104:3000 appUrl=http://localhost:3000/ allowedOrigins=
Aug 23 03:54:10 jenkins grafana-server: t=2021-08-23T03:54:10-0400 lvl=info msg="Request Completed" logger=context userId=1 orgId=1 uname=admin method=GET path=/api/live/ws status=403 remote_addr=192.168.56.1 time_ms=19 size=10 referer=
Aug 23 03:54:27 jenkins grafana-server: t=2021-08-23T03:54:27-0400 lvl=warn msg="Request Origin is not authorized" logger=live origin=http://192.168.56.104:3000 appUrl=http://localhost:3000/ allowedOrigins=
Aug 23 03:54:27 jenkins grafana-server: t=2021-08-23T03:54:27-0400 lvl=info msg="Request Completed" logger=context userId=1 orgId=1 uname=admin method=GET path=/api/live/ws status=403 remote_addr=192.168.56.1 time_ms=2 size=10 referer=
Aug 23 03:54:41 jenkins grafana-server: t=2021-08-23T03:54:41-0400 lvl=warn msg="Request Origin is not authorized" logger=live origin=http://192.168.56.104:3000 appUrl=http://localhost:3000/ allowedOrigins=
Aug 23 03:54:41 jenkins grafana-server: t=2021-08-23T03:54:41-0400 lvl=info msg="Request Completed" logger=context userId=1 orgId=1 uname=admin method=GET path=/api/live/ws status=403 remote_addr=192.168.56.1 time_ms=1 size=10 referer=
Aug 23 03:54:56 jenkins grafana-server: t=2021-08-23T03:54:56-0400 lvl=warn msg="Request Origin is not authorized" logger=live origin=http://192.168.56.104:3000 appUrl=http://localhost:3000/ allowedOrigins=
Aug 23 03:54:56 jenkins grafana-server: t=2021-08-23T03:54:56-0400 lvl=info msg="Request Completed" logger=context userId=1 orgId=1 uname=admin method=GET path=/api/live/ws status=403 remote_addr=192.168.56.1 time_ms=16 size=10 referer=
Aug 23 03:55:07 jenkins grafana-server: t=2021-08-23T03:55:07-0400 lvl=warn msg="Request Origin is not authorized" logger=live origin=http://192.168.56.104:3000 appUrl=http://localhost:3000/ allowedOrigins=
Aug 23 03:55:07 jenkins grafana-server: t=2021-08-23T03:55:07-0400 lvl=info msg="Request Completed" logger=context userId=1 orgId=1 uname=admin method=GET path=/api/live/ws status=403 remote_addr=192.168.56.1 time_ms=1 size=10 referer=
Aug 23 03:55:24 jenkins grafana-server: t=2021-08-23T03:55:24-0400 lvl=warn msg="Request Origin is not authorized" logger=live origin=http://192.168.56.104:3000 appUrl=http://localhost:3000/ allowedOrigins=
Aug 23 03:55:24 jenkins grafana-server: t=2021-08-23T03:55:24-0400 lvl=info msg="Request Completed" logger=context userId=1 orgId=1 uname=admin method=GET path=/api/live/ws status=403 remote_addr=192.168.56.1 time_ms=20 size=10 referer=
Aug 23 03:55:43 jenkins grafana-server: t=2021-08-23T03:55:43-0400 lvl=warn msg="Request Origin is not authorized" logger=live origin=http://192.168.56.104:3000 appUrl=http://localhost:3000/ allowedOrigins=
Aug 23 03:55:43 jenkins grafana-server: t=2021-08-23T03:55:43-0400 lvl=info msg="Request Completed" logger=context userId=1 orgId=1 uname=admin method=GET path=/api/live/ws status=403 remote_addr=192.168.56.1 time_ms=1 size=10 referer=
Aug 23 03:56:01 jenkins grafana-server: t=2021-08-23T03:56:01-0400 lvl=warn msg="Request Origin is not authorized" logger=live origin=http://192.168.56.104:3000 appUrl=http://localhost:3000/ allowedOrigins=
Aug 23 03:56:01 jenkins grafana-server: t=2021-08-23T03:56:01-0400 lvl=info msg="Request Completed" logger=context userId=1 orgId=1 uname=admin method=GET path=/api/live/ws status=403 remote_addr=192.168.56.1 time_ms=1 size=10 referer=
Aug 23 03:56:17 jenkins grafana-server: t=2021-08-23T03:56:17-0400 lvl=warn msg="Request Origin is not authorized" logger=live origin=http://192.168.56.104:3000 appUrl=http://localhost:3000/ allowedOrigins=
Aug 23 03:56:17 jenkins grafana-server: t=2021-08-23T03:56:17-0400 lvl=info msg="Request Completed" logger=context userId=1 orgId=1 uname=admin method=GET path=/api/live/ws status=403 remote_addr=192.168.56.1 time_ms=1 size=10 referer=
Aug 23 03:56:31 jenkins grafana-server: t=2021-08-23T03:56:31-0400 lvl=warn msg="Request Origin is not authorized" logger=live origin=http://192.168.56.104:3000 appUrl=http://localhost:3000/ allowedOrigins=
Aug 23 03:56:31 jenkins grafana-server: t=2021-08-23T03:56:31-0400 lvl=info msg="Request Completed" logger=context userId=1 orgId=1 uname=admin method=GET path=/api/live/ws status=403 remote_addr=192.168.56.1 time_ms=18 size=10 referer=
Aug 23 03:56:46 jenkins dhclient[724]: DHCPREQUEST on enp0s3 to 10.0.2.3 port 67 (xid=0x1d4fdd6e)
Aug 23 03:56:46 jenkins dhclient[724]: DHCPACK from 10.0.2.3 (xid=0x1d4fdd6e)
Aug 23 03:56:46 jenkins NetworkManager[674]: <info>  [1629705406.3005] dhcp4 (enp0s3):   address 10.0.2.6
Aug 23 03:56:46 jenkins NetworkManager[674]: <info>  [1629705406.3005] dhcp4 (enp0s3):   plen 24 (255.255.255.0)
Aug 23 03:56:46 jenkins NetworkManager[674]: <info>  [1629705406.3005] dhcp4 (enp0s3):   gateway 10.0.2.1
Aug 23 03:56:46 jenkins NetworkManager[674]: <info>  [1629705406.3005] dhcp4 (enp0s3):   lease time 600
Aug 23 03:56:46 jenkins NetworkManager[674]: <info>  [1629705406.3005] dhcp4 (enp0s3):   nameserver '183.82.243.66'
Aug 23 03:56:46 jenkins NetworkManager[674]: <info>  [1629705406.3006] dhcp4 (enp0s3):   nameserver '49.205.72.130'
Aug 23 03:56:46 jenkins NetworkManager[674]: <info>  [1629705406.3006] dhcp4 (enp0s3): state changed bound -> bound
Aug 23 03:56:46 jenkins dbus[661]: [system] Activating via systemd: service name='org.freedesktop.nm_dispatcher' unit='dbus-org.freedesktop.nm-dispatcher.service'
Aug 23 03:56:46 jenkins systemd: Starting Network Manager Script Dispatcher Service...
Aug 23 03:56:46 jenkins dhclient[724]: bound to 10.0.2.6 -- renewal in 237 seconds.
Aug 23 03:56:46 jenkins dbus[661]: [system] Successfully activated service 'org.freedesktop.nm_dispatcher'
Aug 23 03:56:46 jenkins nm-dispatcher: req:1 'dhcp4-change' [enp0s3]: new request (3 scripts)
Aug 23 03:56:46 jenkins systemd: Started Network Manager Script Dispatcher Service.
Aug 23 03:56:46 jenkins nm-dispatcher: req:1 'dhcp4-change' [enp0s3]: start running ordered scripts...
Aug 23 03:56:46 jenkins grafana-server: t=2021-08-23T03:56:46-0400 lvl=warn msg="Request Origin is not authorized" logger=live origin=http://192.168.56.104:3000 appUrl=http://localhost:3000/ allowedOrigins=
Aug 23 03:56:46 jenkins grafana-server: t=2021-08-23T03:56:46-0400 lvl=info msg="Request Completed" logger=context userId=1 orgId=1 uname=admin method=GET path=/api/live/ws status=403 remote_addr=192.168.56.1 time_ms=1 size=10 referer=
Aug 23 03:57:02 jenkins grafana-server: t=2021-08-23T03:57:02-0400 lvl=warn msg="Request Origin is not authorized" logger=live origin=http://192.168.56.104:3000 appUrl=http://localhost:3000/ allowedOrigins=
Aug 23 03:57:02 jenkins grafana-server: t=2021-08-23T03:57:02-0400 lvl=info msg="Request Completed" logger=context userId=1 orgId=1 uname=admin method=GET path=/api/live/ws status=403 remote_addr=192.168.56.1 time_ms=2 size=10 referer=
Aug 23 03:57:19 jenkins grafana-server: t=2021-08-23T03:57:19-0400 lvl=warn msg="Request Origin is not authorized" logger=live origin=http://192.168.56.104:3000 appUrl=http://localhost:3000/ allowedOrigins=
Aug 23 03:57:19 jenkins grafana-server: t=2021-08-23T03:57:19-0400 lvl=info msg="Request Completed" logger=context userId=1 orgId=1 uname=admin method=GET path=/api/live/ws status=403 remote_addr=192.168.56.1 time_ms=1 size=10 referer=
Aug 23 03:57:32 jenkins grafana-server: t=2021-08-23T03:57:32-0400 lvl=warn msg="Request Origin is not authorized" logger=live origin=http://192.168.56.104:3000 appUrl=http://localhost:3000/ allowedOrigins=
Aug 23 03:57:33 jenkins grafana-server: t=2021-08-23T03:57:32-0400 lvl=info msg="Request Completed" logger=context userId=1 orgId=1 uname=admin method=GET path=/api/live/ws status=403 remote_addr=192.168.56.1 time_ms=20 size=10 referer=
Aug 23 03:57:51 jenkins grafana-server: t=2021-08-23T03:57:51-0400 lvl=warn msg="Request Origin is not authorized" logger=live origin=http://192.168.56.104:3000 appUrl=http://localhost:3000/ allowedOrigins=
Aug 23 03:57:51 jenkins grafana-server: t=2021-08-23T03:57:51-0400 lvl=info msg="Request Completed" logger=context userId=1 orgId=1 uname=admin method=GET path=/api/live/ws status=403 remote_addr=192.168.56.1 time_ms=1 size=10 referer=
Aug 23 03:58:11 jenkins grafana-server: t=2021-08-23T03:58:11-0400 lvl=warn msg="Request Origin is not authorized" logger=live origin=http://192.168.56.104:3000 appUrl=http://localhost:3000/ allowedOrigins=
Aug 23 03:58:11 jenkins grafana-server: t=2021-08-23T03:58:11-0400 lvl=info msg="Request Completed" logger=context userId=1 orgId=1 uname=admin method=GET path=/api/live/ws status=403 remote_addr=192.168.56.1 time_ms=1 size=10 referer=
Aug 23 03:58:24 jenkins grafana-server: t=2021-08-23T03:58:24-0400 lvl=warn msg="Request Origin is not authorized" logger=live origin=http://192.168.56.104:3000 appUrl=http://localhost:3000/ allowedOrigins=
Aug 23 03:58:24 jenkins grafana-server: t=2021-08-23T03:58:24-0400 lvl=info msg="Request Completed" logger=context userId=1 orgId=1 uname=admin method=GET path=/api/live/ws status=403 remote_addr=192.168.56.1 time_ms=1 size=10 referer=
Aug 23 03:58:27 jenkins dhclient[725]: DHCPREQUEST on enp0s8 to 192.168.56.100 port 67 (xid=0x32c78398)
Aug 23 03:58:27 jenkins dhclient[725]: DHCPACK from 192.168.56.100 (xid=0x32c78398)
Aug 23 03:58:27 jenkins NetworkManager[674]: <info>  [1629705507.5015] dhcp4 (enp0s8):   address 192.168.56.104
Aug 23 03:58:27 jenkins NetworkManager[674]: <info>  [1629705507.5016] dhcp4 (enp0s8):   plen 24 (255.255.255.0)
Aug 23 03:58:27 jenkins NetworkManager[674]: <info>  [1629705507.5016] dhcp4 (enp0s8):   lease time 600
Aug 23 03:58:27 jenkins NetworkManager[674]: <info>  [1629705507.5016] dhcp4 (enp0s8): state changed bound -> bound
Aug 23 03:58:27 jenkins dbus[661]: [system] Activating via systemd: service name='org.freedesktop.nm_dispatcher' unit='dbus-org.freedesktop.nm-dispatcher.service'
Aug 23 03:58:27 jenkins systemd: Starting Network Manager Script Dispatcher Service...
Aug 23 03:58:27 jenkins dhclient[725]: bound to 192.168.56.104 -- renewal in 232 seconds.
Aug 23 03:58:27 jenkins dbus[661]: [system] Successfully activated service 'org.freedesktop.nm_dispatcher'
Aug 23 03:58:27 jenkins nm-dispatcher: req:1 'dhcp4-change' [enp0s8]: new request (3 scripts)
Aug 23 03:58:27 jenkins systemd: Started Network Manager Script Dispatcher Service.
Aug 23 03:58:27 jenkins nm-dispatcher: req:1 'dhcp4-change' [enp0s8]: start running ordered scripts...
Aug 23 03:58:37 jenkins grafana-server: t=2021-08-23T03:58:37-0400 lvl=warn msg="Request Origin is not authorized" logger=live origin=http://192.168.56.104:3000 appUrl=http://localhost:3000/ allowedOrigins=
Aug 23 03:58:37 jenkins grafana-server: t=2021-08-23T03:58:37-0400 lvl=info msg="Request Completed" logger=context userId=1 orgId=1 uname=admin method=GET path=/api/live/ws status=403 remote_addr=192.168.56.1 time_ms=16 size=10 referer=
Aug 23 03:58:48 jenkins grafana-server: t=2021-08-23T03:58:48-0400 lvl=warn msg="Request Origin is not authorized" logger=live origin=http://192.168.56.104:3000 appUrl=http://localhost:3000/ allowedOrigins=
Aug 23 03:58:48 jenkins grafana-server: t=2021-08-23T03:58:48-0400 lvl=info msg="Request Completed" logger=context userId=1 orgId=1 uname=admin method=GET path=/api/live/ws status=403 remote_addr=192.168.56.1 time_ms=1 size=10 referer=
Aug 23 03:59:00 jenkins grafana-server: t=2021-08-23T03:59:00-0400 lvl=warn msg="Request Origin is not authorized" logger=live origin=http://192.168.56.104:3000 appUrl=http://localhost:3000/ allowedOrigins=
Aug 23 03:59:00 jenkins grafana-server: t=2021-08-23T03:59:00-0400 lvl=info msg="Request Completed" logger=context userId=1 orgId=1 uname=admin method=GET path=/api/live/ws status=403 remote_addr=192.168.56.1 time_ms=1 size=10 referer=
Aug 23 03:59:16 jenkins grafana-server: t=2021-08-23T03:59:16-0400 lvl=warn msg="Request Origin is not authorized" logger=live origin=http://192.168.56.104:3000 appUrl=http://localhost:3000/ allowedOrigins=
Aug 23 03:59:16 jenkins grafana-server: t=2021-08-23T03:59:16-0400 lvl=info msg="Request Completed" logger=context userId=1 orgId=1 uname=admin method=GET path=/api/live/ws status=403 remote_addr=192.168.56.1 time_ms=4 size=10 referer=
Aug 23 03:59:34 jenkins grafana-server: t=2021-08-23T03:59:34-0400 lvl=warn msg="Request Origin is not authorized" logger=live origin=http://192.168.56.104:3000 appUrl=http://localhost:3000/ allowedOrigins=
Aug 23 03:59:34 jenkins grafana-server: t=2021-08-23T03:59:34-0400 lvl=info msg="Request Completed" logger=context userId=1 orgId=1 uname=admin method=GET path=/api/live/ws status=403 remote_addr=192.168.56.1 time_ms=1 size=10 referer=
Aug 23 03:59:49 jenkins grafana-server: t=2021-08-23T03:59:49-0400 lvl=warn msg="Request Origin is not authorized" logger=live origin=http://192.168.56.104:3000 appUrl=http://localhost:3000/ allowedOrigins=
Aug 23 03:59:49 jenkins grafana-server: t=2021-08-23T03:59:49-0400 lvl=info msg="Request Completed" logger=context userId=1 orgId=1 uname=admin method=GET path=/api/live/ws status=403 remote_addr=192.168.56.1 time_ms=22 size=10 referer=
Aug 23 04:00:08 jenkins grafana-server: t=2021-08-23T04:00:08-0400 lvl=warn msg="Request Origin is not authorized" logger=live origin=http://192.168.56.104:3000 appUrl=http://localhost:3000/ allowedOrigins=
Aug 23 04:00:08 jenkins grafana-server: t=2021-08-23T04:00:08-0400 lvl=info msg="Request Completed" logger=context userId=1 orgId=1 uname=admin method=GET path=/api/live/ws status=403 remote_addr=192.168.56.1 time_ms=41 size=10 referer=
Aug 23 04:00:23 jenkins grafana-server: t=2021-08-23T04:00:23-0400 lvl=warn msg="Request Origin is not authorized" logger=live origin=http://192.168.56.104:3000 appUrl=http://localhost:3000/ allowedOrigins=
Aug 23 04:00:23 jenkins grafana-server: t=2021-08-23T04:00:23-0400 lvl=info msg="Request Completed" logger=context userId=1 orgId=1 uname=admin method=GET path=/api/live/ws status=403 remote_addr=192.168.56.1 time_ms=1 size=10 referer=
Aug 23 04:00:38 jenkins grafana-server: t=2021-08-23T04:00:38-0400 lvl=warn msg="Request Origin is not authorized" logger=live origin=http://192.168.56.104:3000 appUrl=http://localhost:3000/ allowedOrigins=
Aug 23 04:00:38 jenkins grafana-server: t=2021-08-23T04:00:38-0400 lvl=info msg="Request Completed" logger=context userId=1 orgId=1 uname=admin method=GET path=/api/live/ws status=403 remote_addr=192.168.56.1 time_ms=1 size=10 referer=
Aug 23 04:00:43 jenkins dhclient[724]: DHCPREQUEST on enp0s3 to 10.0.2.3 port 67 (xid=0x1d4fdd6e)
Aug 23 04:00:43 jenkins dhclient[724]: DHCPACK from 10.0.2.3 (xid=0x1d4fdd6e)
Aug 23 04:00:43 jenkins NetworkManager[674]: <info>  [1629705643.4007] dhcp4 (enp0s3):   address 10.0.2.6
Aug 23 04:00:43 jenkins NetworkManager[674]: <info>  [1629705643.4007] dhcp4 (enp0s3):   plen 24 (255.255.255.0)
Aug 23 04:00:43 jenkins NetworkManager[674]: <info>  [1629705643.4007] dhcp4 (enp0s3):   gateway 10.0.2.1
Aug 23 04:00:43 jenkins NetworkManager[674]: <info>  [1629705643.4007] dhcp4 (enp0s3):   lease time 600
Aug 23 04:00:43 jenkins NetworkManager[674]: <info>  [1629705643.4008] dhcp4 (enp0s3):   nameserver '183.82.243.66'
Aug 23 04:00:43 jenkins NetworkManager[674]: <info>  [1629705643.4008] dhcp4 (enp0s3):   nameserver '49.205.72.130'
Aug 23 04:00:43 jenkins NetworkManager[674]: <info>  [1629705643.4008] dhcp4 (enp0s3): state changed bound -> bound
Aug 23 04:00:43 jenkins dbus[661]: [system] Activating via systemd: service name='org.freedesktop.nm_dispatcher' unit='dbus-org.freedesktop.nm-dispatcher.service'
Aug 23 04:00:43 jenkins systemd: Starting Network Manager Script Dispatcher Service...
Aug 23 04:00:43 jenkins dhclient[724]: bound to 10.0.2.6 -- renewal in 273 seconds.
Aug 23 04:00:43 jenkins dbus[661]: [system] Successfully activated service 'org.freedesktop.nm_dispatcher'
Aug 23 04:00:43 jenkins nm-dispatcher: req:1 'dhcp4-change' [enp0s3]: new request (3 scripts)
Aug 23 04:00:43 jenkins systemd: Started Network Manager Script Dispatcher Service.
Aug 23 04:00:43 jenkins nm-dispatcher: req:1 'dhcp4-change' [enp0s3]: start running ordered scripts...
Aug 23 04:00:52 jenkins grafana-server: t=2021-08-23T04:00:52-0400 lvl=warn msg="Request Origin is not authorized" logger=live origin=http://192.168.56.104:3000 appUrl=http://localhost:3000/ allowedOrigins=
Aug 23 04:00:52 jenkins grafana-server: t=2021-08-23T04:00:52-0400 lvl=info msg="Request Completed" logger=context userId=1 orgId=1 uname=admin method=GET path=/api/live/ws status=403 remote_addr=192.168.56.1 time_ms=14 size=10 referer=
Aug 23 04:01:01 jenkins systemd: Created slice User Slice of root.
Aug 23 04:01:01 jenkins systemd: Started Session 1 of user root.
Aug 23 04:01:07 jenkins grafana-server: t=2021-08-23T04:01:07-0400 lvl=warn msg="Request Origin is not authorized" logger=live origin=http://192.168.56.104:3000 appUrl=http://localhost:3000/ allowedOrigins=
Aug 23 04:01:07 jenkins grafana-server: t=2021-08-23T04:01:07-0400 lvl=info msg="Request Completed" logger=context userId=1 orgId=1 uname=admin method=GET path=/api/live/ws status=403 remote_addr=192.168.56.1 time_ms=2 size=10 referer=
Aug 23 04:01:23 jenkins grafana-server: t=2021-08-23T04:01:23-0400 lvl=warn msg="Request Origin is not authorized" logger=live origin=http://192.168.56.104:3000 appUrl=http://localhost:3000/ allowedOrigins=
Aug 23 04:01:23 jenkins grafana-server: t=2021-08-23T04:01:23-0400 lvl=info msg="Request Completed" logger=context userId=1 orgId=1 uname=admin method=GET path=/api/live/ws status=403 remote_addr=192.168.56.1 time_ms=1 size=10 referer=
Aug 23 04:01:43 jenkins grafana-server: t=2021-08-23T04:01:43-0400 lvl=warn msg="Request Origin is not authorized" logger=live origin=http://192.168.56.104:3000 appUrl=http://localhost:3000/ allowedOrigins=
Aug 23 04:01:43 jenkins grafana-server: t=2021-08-23T04:01:43-0400 lvl=info msg="Request Completed" logger=context userId=1 orgId=1 uname=admin method=GET path=/api/live/ws status=403 remote_addr=192.168.56.1 time_ms=2 size=10 referer=
Aug 23 04:01:59 jenkins grafana-server: t=2021-08-23T04:01:59-0400 lvl=warn msg="Request Origin is not authorized" logger=live origin=http://192.168.56.104:3000 appUrl=http://localhost:3000/ allowedOrigins=
Aug 23 04:01:59 jenkins grafana-server: t=2021-08-23T04:01:59-0400 lvl=info msg="Request Completed" logger=context userId=1 orgId=1 uname=admin method=GET path=/api/live/ws status=403 remote_addr=192.168.56.1 time_ms=20 size=10 referer=
Aug 23 04:02:17 jenkins grafana-server: t=2021-08-23T04:02:17-0400 lvl=warn msg="Request Origin is not authorized" logger=live origin=http://192.168.56.104:3000 appUrl=http://localhost:3000/ allowedOrigins=
Aug 23 04:02:17 jenkins grafana-server: t=2021-08-23T04:02:17-0400 lvl=info msg="Request Completed" logger=context userId=1 orgId=1 uname=admin method=GET path=/api/live/ws status=403 remote_addr=192.168.56.1 time_ms=1 size=10 referer=
Aug 23 04:02:19 jenkins dhclient[725]: DHCPREQUEST on enp0s8 to 192.168.56.100 port 67 (xid=0x32c78398)
Aug 23 04:02:19 jenkins dhclient[725]: DHCPACK from 192.168.56.100 (xid=0x32c78398)
Aug 23 04:02:19 jenkins NetworkManager[674]: <info>  [1629705739.6139] dhcp4 (enp0s8):   address 192.168.56.104
Aug 23 04:02:19 jenkins NetworkManager[674]: <info>  [1629705739.6142] dhcp4 (enp0s8):   plen 24 (255.255.255.0)
Aug 23 04:02:19 jenkins NetworkManager[674]: <info>  [1629705739.6142] dhcp4 (enp0s8):   lease time 600
Aug 23 04:02:19 jenkins NetworkManager[674]: <info>  [1629705739.6142] dhcp4 (enp0s8): state changed bound -> bound
Aug 23 04:02:19 jenkins dbus[661]: [system] Activating via systemd: service name='org.freedesktop.nm_dispatcher' unit='dbus-org.freedesktop.nm-dispatcher.service'
Aug 23 04:02:19 jenkins systemd: Starting Network Manager Script Dispatcher Service...
Aug 23 04:02:19 jenkins dhclient[725]: bound to 192.168.56.104 -- renewal in 236 seconds.
Aug 23 04:02:19 jenkins dbus[661]: [system] Successfully activated service 'org.freedesktop.nm_dispatcher'
Aug 23 04:02:19 jenkins nm-dispatcher: req:1 'dhcp4-change' [enp0s8]: new request (3 scripts)
Aug 23 04:02:19 jenkins systemd: Started Network Manager Script Dispatcher Service.
Aug 23 04:02:19 jenkins nm-dispatcher: req:1 'dhcp4-change' [enp0s8]: start running ordered scripts...
Aug 23 04:02:31 jenkins grafana-server: t=2021-08-23T04:02:31-0400 lvl=warn msg="Request Origin is not authorized" logger=live origin=http://192.168.56.104:3000 appUrl=http://localhost:3000/ allowedOrigins=
Aug 23 04:02:31 jenkins grafana-server: t=2021-08-23T04:02:31-0400 lvl=info msg="Request Completed" logger=context userId=1 orgId=1 uname=admin method=GET path=/api/live/ws status=403 remote_addr=192.168.56.1 time_ms=5 size=10 referer=
Aug 23 04:02:47 jenkins grafana-server: t=2021-08-23T04:02:47-0400 lvl=warn msg="Request Origin is not authorized" logger=live origin=http://192.168.56.104:3000 appUrl=http://localhost:3000/ allowedOrigins=
Aug 23 04:02:47 jenkins grafana-server: t=2021-08-23T04:02:47-0400 lvl=info msg="Request Completed" logger=context userId=1 orgId=1 uname=admin method=GET path=/api/live/ws status=403 remote_addr=192.168.56.1 time_ms=1 size=10 referer=
Aug 23 04:03:04 jenkins grafana-server: t=2021-08-23T04:03:04-0400 lvl=warn msg="Request Origin is not authorized" logger=live origin=http://192.168.56.104:3000 appUrl=http://localhost:3000/ allowedOrigins=
